Archive member included because of file (symbol)

C:\Users\thiago\Dropbox\Circuits\sourceCodes\arduino_core\8_8MHz\libarduino_core.a(malloc.o)
                              ./main.o (malloc)
C:\Users\thiago\Dropbox\Circuits\sourceCodes\arduino_core\8_8MHz\libarduino_core.a(HardwareSerial.o)
                              ./main.o (Serial)
C:\Users\thiago\Dropbox\Circuits\sourceCodes\arduino_core\8_8MHz\libarduino_core.a(Print.o)
                              C:\Users\thiago\Dropbox\Circuits\sourceCodes\arduino_core\8_8MHz\libarduino_core.a(HardwareSerial.o) (Print::write(unsigned char const*, unsigned int))
C:\Users\thiago\Dropbox\Circuits\sourceCodes\arduino_core\8_8MHz\libarduino_core.a(WString.o)
                              C:\Users\thiago\Dropbox\Circuits\sourceCodes\arduino_core\8_8MHz\libarduino_core.a(Print.o) (String::operator[](unsigned int) const)
C:\Users\thiago\Dropbox\Circuits\sourceCodes\arduino_core\8_8MHz\libarduino_core.a(new.o)
                              C:\Users\thiago\Dropbox\Circuits\sourceCodes\arduino_core\8_8MHz\libarduino_core.a(HardwareSerial.o) (__cxa_pure_virtual)
C:\Users\thiago\Dropbox\Circuits\sourceCodes\arduino_core\8_8MHz\libarduino_core.a(wiring.o)
                              ./main.o (init)
C:\Users\thiago\Dropbox\Circuits\sourceCodes\arduino_core\8_8MHz\libarduino_core.a(realloc.o)
                              C:\Users\thiago\Dropbox\Circuits\sourceCodes\arduino_core\8_8MHz\libarduino_core.a(WString.o) (realloc)
c:/winavr-20100110/bin/../lib/gcc/avr/4.3.3/avr4\libgcc.a(_mulsi3.o)
                              C:\Users\thiago\Dropbox\Circuits\sourceCodes\arduino_core\8_8MHz\libarduino_core.a(Print.o) (__mulsi3)
c:/winavr-20100110/bin/../lib/gcc/avr/4.3.3/avr4\libgcc.a(_udivmodsi4.o)
                              C:\Users\thiago\Dropbox\Circuits\sourceCodes\arduino_core\8_8MHz\libarduino_core.a(HardwareSerial.o) (__udivmodsi4)
c:/winavr-20100110/bin/../lib/gcc/avr/4.3.3/avr4\libgcc.a(_exit.o)
                              c:/winavr-20100110/bin/../lib/gcc/avr/4.3.3/../../../../avr/lib/avr4/crtm8.o (exit)
c:/winavr-20100110/bin/../lib/gcc/avr/4.3.3/avr4\libgcc.a(_copy_data.o)
                              ./main.o (__do_copy_data)
c:/winavr-20100110/bin/../lib/gcc/avr/4.3.3/avr4\libgcc.a(_clear_bss.o)
                              ./main.o (__do_clear_bss)
c:/winavr-20100110/bin/../lib/gcc/avr/4.3.3/avr4\libgcc.a(_ctors.o)
                              C:\Users\thiago\Dropbox\Circuits\sourceCodes\arduino_core\8_8MHz\libarduino_core.a(HardwareSerial.o) (__do_global_ctors)
c:/winavr-20100110/bin/../lib/gcc/avr/4.3.3/avr4\libgcc.a(_fixunssfsi.o)
                              C:\Users\thiago\Dropbox\Circuits\sourceCodes\arduino_core\8_8MHz\libarduino_core.a(Print.o) (__fixunssfsi)
c:/winavr-20100110/bin/../lib/gcc/avr/4.3.3/avr4\libgcc.a(_addsub_sf.o)
                              ./main.o (__subsf3)
c:/winavr-20100110/bin/../lib/gcc/avr/4.3.3/avr4\libgcc.a(_mul_sf.o)
                              ./main.o (__mulsf3)
c:/winavr-20100110/bin/../lib/gcc/avr/4.3.3/avr4\libgcc.a(_div_sf.o)
                              ./main.o (__divsf3)
c:/winavr-20100110/bin/../lib/gcc/avr/4.3.3/avr4\libgcc.a(_gt_sf.o)
                              C:\Users\thiago\Dropbox\Circuits\sourceCodes\arduino_core\8_8MHz\libarduino_core.a(Print.o) (__gtsf2)
c:/winavr-20100110/bin/../lib/gcc/avr/4.3.3/avr4\libgcc.a(_ge_sf.o)
                              c:/winavr-20100110/bin/../lib/gcc/avr/4.3.3/avr4\libgcc.a(_fixunssfsi.o) (__gesf2)
c:/winavr-20100110/bin/../lib/gcc/avr/4.3.3/avr4\libgcc.a(_lt_sf.o)
                              C:\Users\thiago\Dropbox\Circuits\sourceCodes\arduino_core\8_8MHz\libarduino_core.a(Print.o) (__ltsf2)
c:/winavr-20100110/bin/../lib/gcc/avr/4.3.3/avr4\libgcc.a(_le_sf.o)
                              C:\Users\thiago\Dropbox\Circuits\sourceCodes\arduino_core\8_8MHz\libarduino_core.a(Print.o) (__lesf2)
c:/winavr-20100110/bin/../lib/gcc/avr/4.3.3/avr4\libgcc.a(_unord_sf.o)
                              C:\Users\thiago\Dropbox\Circuits\sourceCodes\arduino_core\8_8MHz\libarduino_core.a(Print.o) (__unordsf2)
c:/winavr-20100110/bin/../lib/gcc/avr/4.3.3/avr4\libgcc.a(_si_to_sf.o)
                              ./main.o (__floatsisf)
c:/winavr-20100110/bin/../lib/gcc/avr/4.3.3/avr4\libgcc.a(_sf_to_si.o)
                              C:\Users\thiago\Dropbox\Circuits\sourceCodes\arduino_core\8_8MHz\libarduino_core.a(Print.o) (__fixsfsi)
c:/winavr-20100110/bin/../lib/gcc/avr/4.3.3/avr4\libgcc.a(_thenan_sf.o)
                              c:/winavr-20100110/bin/../lib/gcc/avr/4.3.3/avr4\libgcc.a(_addsub_sf.o) (__thenan_sf)
c:/winavr-20100110/bin/../lib/gcc/avr/4.3.3/avr4\libgcc.a(_usi_to_sf.o)
                              C:\Users\thiago\Dropbox\Circuits\sourceCodes\arduino_core\8_8MHz\libarduino_core.a(Print.o) (__floatunsisf)
c:/winavr-20100110/bin/../lib/gcc/avr/4.3.3/avr4\libgcc.a(_prologue.o)
[...]
Memory Configuration

Name             Origin             Length             Attributes
text             0x00000000         0x00002000         xr
data             0x00800060         0x0000ffa0         rw !x
eeprom           0x00810000         0x00010000         rw !x
fuse             0x00820000         0x00000400         rw !x
lock             0x00830000         0x00000400         rw !x
signature        0x00840000         0x00000400         rw !x
*default*        0x00000000         0xffffffff

Linker script and memory map

LOAD c:/winavr-20100110/bin/../lib/gcc/avr/4.3.3/../../../../avr/lib/avr4/crtm8.o
LOAD ./main.o
LOAD C:\Users\thiago\Dropbox\Circuits\sourceCodes\arduino_core\8_8MHz\libarduino_core.a
LOAD c:/winavr-20100110/bin/../lib/gcc/avr/4.3.3/avr4\libgcc.a
LOAD c:/winavr-20100110/bin/../lib/gcc/avr/4.3.3/../../../../avr/lib/avr4\libm.a
LOAD c:/winavr-20100110/bin/../lib/gcc/avr/4.3.3/avr4\libgcc.a
LOAD c:/winavr-20100110/bin/../lib/gcc/avr/4.3.3/../../../../avr/lib/avr4\libc.a
LOAD c:/winavr-20100110/bin/../lib/gcc/avr/4.3.3/avr4\libgcc.a

.hash
 *(.hash)

.dynsym
 *(.dynsym)

.dynstr
 *(.dynstr)

.gnu.version
 *(.gnu.version)

.gnu.version_d
 *(.gnu.version_d)

.gnu.version_r
 *(.gnu.version_r)

.rel.init
 *(.rel.init)

.rela.init
 *(.rela.init)

.rel.text
 *(.rel.text)
 *(.rel.text.*)
 *(.rel.gnu.linkonce.t*)

.rela.text
 *(.rela.text)
 *(.rela.text.*)
 *(.rela.gnu.linkonce.t*)

.rel.fini
 *(.rel.fini)

.rela.fini
 *(.rela.fini)

.rel.rodata
 *(.rel.rodata)
 *(.rel.rodata.*)
 *(.rel.gnu.linkonce.r*)

.rela.rodata
 *(.rela.rodata)
 *(.rela.rodata.*)
 *(.rela.gnu.linkonce.r*)

.rel.data
 *(.rel.data)
 *(.rel.data.*)
 *(.rel.gnu.linkonce.d*)

.rela.data
 *(.rela.data)
 *(.rela.data.*)
 *(.rela.gnu.linkonce.d*)

.rel.ctors
 *(.rel.ctors)

.rela.ctors
 *(.rela.ctors)

.rel.dtors
 *(.rel.dtors)

.rela.dtors
 *(.rela.dtors)

.rel.got
 *(.rel.got)

.rela.got
 *(.rela.got)

.rel.bss
 *(.rel.bss)

.rela.bss
 *(.rela.bss)

.rel.plt
 *(.rel.plt)

.rela.plt
 *(.rela.plt)

.text           0x00000000     0x1aee
 *(.vectors)
 .vectors       0x00000000       0x26 c:/winavr-20100110/bin/../lib/gcc/avr/4.3.3/../../../../avr/lib/avr4/crtm8.o
                0x00000000                __vectors
                0x00000000                __vector_default
 *(.vectors)
 *(.progmem.gcc*)
 *(.progmem*)
                0x00000026                . = ALIGN (0x2)
                0x00000026                __trampolines_start = .
 *(.trampolines)
 .trampolines   0x00000026        0x0 linker stubs
 *(.trampolines*)
                0x00000026                __trampolines_end = .
 *(.jumptables)
 *(.jumptables*)
 *(.lowtext)
 *(.lowtext*)
                0x00000026                __ctors_start = .
 *(.ctors)
 .ctors         0x00000026        0x2 C:\Users\thiago\Dropbox\Circuits\sourceCodes\arduino_core\8_8MHz\libarduino_core.a(HardwareSerial.o)
                0x00000028                __ctors_end = .
                0x00000028                __dtors_start = .
 *(.dtors)
                0x00000028                __dtors_end = .
 SORT(*)(.ctors)
 SORT(*)(.dtors)
 *(.init0)
 .init0         0x00000028        0x0 c:/winavr-20100110/bin/../lib/gcc/avr/4.3.3/../../../../avr/lib/avr4/crtm8.o
                0x00000028                __init
 *(.init0)
 *(.init1)
 *(.init1)
 *(.init2)
 .init2         0x00000028        0xc c:/winavr-20100110/bin/../lib/gcc/avr/4.3.3/../../../../avr/lib/avr4/crtm8.o
 *(.init2)
 *(.init3)
 *(.init3)
 *(.init4)
 .init4         0x00000034       0x16 c:/winavr-20100110/bin/../lib/gcc/avr/4.3.3/avr4\libgcc.a(_copy_data.o)
                0x00000034                __do_copy_data
 .init4         0x0000004a       0x10 c:/winavr-20100110/bin/../lib/gcc/avr/4.3.3/avr4\libgcc.a(_clear_bss.o)
                0x0000004a                __do_clear_bss
 *(.init4)
 *(.init5)
 *(.init5)
 *(.init6)
 .init6         0x0000005a       0x14 c:/winavr-20100110/bin/../lib/gcc/avr/4.3.3/avr4\libgcc.a(_ctors.o)
                0x0000005a                __do_global_ctors
 *(.init6)
 *(.init7)
 *(.init7)
 *(.init8)
 *(.init8)
 *(.init9)
 .init9         0x0000006e        0x4 c:/winavr-20100110/bin/../lib/gcc/avr/4.3.3/../../../../avr/lib/avr4/crtm8.o
 *(.init9)
 *(.text)
 .text          0x00000072        0x2 c:/winavr-20100110/bin/../lib/gcc/avr/4.3.3/../../../../avr/lib/avr4/crtm8.o
                0x00000072                __vector_1
                0x00000072                __bad_interrupt
                0x00000072                __vector_6
                0x00000072                __vector_3
                0x00000072                __vector_13
                0x00000072                __vector_17
                0x00000072                __vector_7
                0x00000072                __vector_5
                0x00000072                __vector_4
                0x00000072                __vector_2
                0x00000072                __vector_15
                0x00000072                __vector_14
                0x00000072                __vector_10
                0x00000072                __vector_16
                0x00000072                __vector_18
 .text          0x00000074      0x338 c:/winavr-20100110/bin/../lib/gcc/avr/4.3.3/avr4\libgcc.a(_addsub_sf.o)
                0x00000308                __subsf3
                0x0000035e                __addsf3
 .text          0x000003ac      0x1ea c:/winavr-20100110/bin/../lib/gcc/avr/4.3.3/avr4\libgcc.a(_mul_sf.o)
                0x000003ac                __mulsf3
 .text          0x00000596      0x14e c:/winavr-20100110/bin/../lib/gcc/avr/4.3.3/avr4\libgcc.a(_div_sf.o)
                0x00000596                __divsf3
 .text          0x000006e4       0xb4 c:/winavr-20100110/bin/../lib/gcc/avr/4.3.3/avr4\libgcc.a(_si_to_sf.o)
                0x000006e4                __floatsisf
 .text          0x00000798       0x9e c:/winavr-20100110/bin/../lib/gcc/avr/4.3.3/avr4\libgcc.a(_clzsi2.o)
                0x00000798                __clzsi2
 .text          0x00000836      0x1aa c:/winavr-20100110/bin/../lib/gcc/avr/4.3.3/avr4\libgcc.a(_pack_sf.o)
                0x00000836                __pack_f
 .text          0x000009e0       0xf0 c:/winavr-20100110/bin/../lib/gcc/avr/4.3.3/avr4\libgcc.a(_unpack_sf.o)
                0x000009e0                __unpack_f
                0x00000ad0                . = ALIGN (0x2)
 *(.text.*)
 .text._Z8init_allv
                0x00000ad0       0x10 ./main.o
                0x00000ad0                init_all()
 .text._Z8init_ADCv
                0x00000ae0       0x1c ./main.o
                0x00000ae0                init_ADC()
 .text._Z11motor_startv
                0x00000afc       0x36 ./main.o
                0x00000afc                motor_start()
 .text._Z10motor_stopv
                0x00000b32       0x20 ./main.o
                0x00000b32                motor_stop()
 .text._Z16sensorRead_Levelv
                0x00000b52       0x5e ./main.o
                0x00000b52                sensorRead_Level()
 .text._Z12processTimerv
                0x00000bb0       0x44 ./main.o
                0x00000bb0                processTimer()
 .text.__vector_8
                0x00000bf4       0x80 ./main.o
                0x00000bf4                __vector_8
 .text._Z11comm_Serialv
                0x00000c74       0xec ./main.o
                0x00000c74                comm_Serial()
 .text._Z13handleMessagev
                0x00000d60       0x80 ./main.o
                0x00000d60                handleMessage()
 .text._Z19timeSyncSendCommandv
                0x00000de0        0xa ./main.o
                0x00000de0                timeSyncSendCommand()
 .text._Z16refreshVariablesv
                0x00000dea       0x52 ./main.o
                0x00000dea                refreshVariables()
 .text._Z8calcIrmsv
                0x00000e3c      0x1e6 ./main.o
                0x00000e3c                calcIrms()
 .text._Z22motorControl_bySensorsv
                0x00001022       0x3e ./main.o
                0x00001022                motorControl_bySensors()
 .text._Z19motorPeriodDecisionv
                0x00001060       0x2a ./main.o
                0x00001060                motorPeriodDecision()
 .text._Z16processExecutionv
                0x0000108a       0x1a ./main.o
                0x0000108a                processExecution()
 .text.main     0x000010a4       0x20 ./main.o
                0x000010a4                main
 .text.avr-libc
                0x000010c4      0x26a C:\Users\thiago\Dropbox\Circuits\sourceCodes\arduino_core\8_8MHz\libarduino_core.a(malloc.o)
                0x000010c4                malloc
                0x000011fe                free
 .text.__vector_11
                0x0000132e       0x6e C:\Users\thiago\Dropbox\Circuits\sourceCodes\arduino_core\8_8MHz\libarduino_core.a(HardwareSerial.o)
                0x0000132e                __vector_11
 .text.__vector_12
                0x0000139c       0x6c C:\Users\thiago\Dropbox\Circuits\sourceCodes\arduino_core\8_8MHz\libarduino_core.a(HardwareSerial.o)
                0x0000139c                __vector_12
 .text._ZN14HardwareSerial5beginEm
                0x00001408       0xfa C:\Users\thiago\Dropbox\Circuits\sourceCodes\arduino_core\8_8MHz\libarduino_core.a(HardwareSerial.o)
                0x00001408                HardwareSerial::begin(unsigned long)
 .text._ZN14HardwareSerial9availableEv
                0x00001502       0x22 C:\Users\thiago\Dropbox\Circuits\sourceCodes\arduino_core\8_8MHz\libarduino_core.a(HardwareSerial.o)
                0x00001502                HardwareSerial::available()
 .text._ZN14HardwareSerial4peekEv
                0x00001524       0x40 C:\Users\thiago\Dropbox\Circuits\sourceCodes\arduino_core\8_8MHz\libarduino_core.a(HardwareSerial.o)
                0x00001524                HardwareSerial::peek()
 .text._ZN14HardwareSerial4readEv
                0x00001564       0x52 C:\Users\thiago\Dropbox\Circuits\sourceCodes\arduino_core\8_8MHz\libarduino_core.a(HardwareSerial.o)
                0x00001564                HardwareSerial::read()
 .text._ZN14HardwareSerial5flushEv
                0x000015b6       0x20 C:\Users\thiago\Dropbox\Circuits\sourceCodes\arduino_core\8_8MHz\libarduino_core.a(HardwareSerial.o)
                0x000015b6                HardwareSerial::flush()
 .text._ZN14HardwareSerial5writeEh
                0x000015d6       0x80 C:\Users\thiago\Dropbox\Circuits\sourceCodes\arduino_core\8_8MHz\libarduino_core.a(HardwareSerial.o)
                0x000015d6                HardwareSerial::write(unsigned char)
 .text._GLOBAL__I_rx_buffer
                0x00001656       0xa8 C:\Users\thiago\Dropbox\Circuits\sourceCodes\arduino_core\8_8MHz\libarduino_core.a(HardwareSerial.o)
 .text._ZN5Print5writeEPKhj
                0x000016fe       0x54 C:\Users\thiago\Dropbox\Circuits\sourceCodes\arduino_core\8_8MHz\libarduino_core.a(Print.o)
                0x000016fe                Print::write(unsigned char const*, unsigned int)
 .text._ZN5Print7printlnEv
                0x00001752       0x40 C:\Users\thiago\Dropbox\Circuits\sourceCodes\arduino_core\8_8MHz\libarduino_core.a(Print.o)
                0x00001752                Print::println()
 .text._ZN5Print5writeEPKc
                0x00001792       0x38 C:\Users\thiago\Dropbox\Circuits\sourceCodes\arduino_core\8_8MHz\libarduino_core.a(Print.o)
                0x00001792                Print::write(char const*)
 .text._ZN5Print7printlnEPKc
                0x000017ca       0x22 C:\Users\thiago\Dropbox\Circuits\sourceCodes\arduino_core\8_8MHz\libarduino_core.a(Print.o)
                0x000017ca                Print::println(char const*)
 .text.__vector_9
                0x000017ec       0xa8 C:\Users\thiago\Dropbox\Circuits\sourceCodes\arduino_core\8_8MHz\libarduino_core.a(wiring.o)
                0x000017ec                __vector_9
 .text.init     0x00001894       0x40 C:\Users\thiago\Dropbox\Circuits\sourceCodes\arduino_core\8_8MHz\libarduino_core.a(wiring.o)
                0x00001894                init
 .text.libgcc   0x000018d4       0x44 c:/winavr-20100110/bin/../lib/gcc/avr/4.3.3/avr4\libgcc.a(_udivmodsi4.o)
                0x000018d4                __udivmodsi4
 .text.libgcc   0x00001918       0x38 c:/winavr-20100110/bin/../lib/gcc/avr/4.3.3/avr4\libgcc.a(_prologue.o)
                0x00001918                __prologue_saves__
 .text.libgcc   0x00001950       0x36 c:/winavr-20100110/bin/../lib/gcc/avr/4.3.3/avr4\libgcc.a(_epilogue.o)
                0x00001950                __epilogue_restores__
 .text.libgcc   0x00001986        0xc c:/winavr-20100110/bin/../lib/gcc/avr/4.3.3/avr4\libgcc.a(_tablejump.o)
                0x0000198a                __tablejump__
                0x00001986                __tablejump2__
 .text.avr-libc.fplib
                0x00001992       0x84 c:/winavr-20100110/bin/../lib/gcc/avr/4.3.3/../../../../avr/lib/avr4\libm.a(sqrt.o)
                0x0000199a                sqrt
 .text.avr-libc.fplib
                0x00001a16       0x1c c:/winavr-20100110/bin/../lib/gcc/avr/4.3.3/../../../../avr/lib/avr4\libm.a(fp_mpack.o)
                0x00001a1a                __fp_mpack_finite
                0x00001a16                __fp_mpack
 .text.avr-libc.fplib
                0x00001a32        0x6 c:/winavr-20100110/bin/../lib/gcc/avr/4.3.3/../../../../avr/lib/avr4\libm.a(fp_nan.o)
                0x00001a32                __fp_nan
 .text.avr-libc.fplib
                0x00001a38        0xe c:/winavr-20100110/bin/../lib/gcc/avr/4.3.3/../../../../avr/lib/avr4\libm.a(fp_norm2.o)
                0x00001a38                __fp_norm2
 .text.avr-libc.fplib
                0x00001a46       0x44 c:/winavr-20100110/bin/../lib/gcc/avr/4.3.3/../../../../avr/lib/avr4\libm.a(fp_split3.o)
                0x00001a46                __fp_split3
                0x00001a56                __fp_splitA
 .text.avr-libc
                0x00001a8a       0x3a c:/winavr-20100110/bin/../lib/gcc/avr/4.3.3/../../../../avr/lib/avr4\libc.a(atoi.o)
                0x00001a8a                atoi
 .text.avr-libc
                0x00001ac4       0x16 c:/winavr-20100110/bin/../lib/gcc/avr/4.3.3/../../../../avr/lib/avr4\libc.a(strchr.o)
                0x00001ac4                strchr
 .text.avr-libc
                0x00001ada       0x10 c:/winavr-20100110/bin/../lib/gcc/avr/4.3.3/../../../../avr/lib/avr4\libc.a(mul10.o)
                0x00001ada                __mulhi_const_10
                0x00001aea                . = ALIGN (0x2)
 *(.fini9)
 .fini9         0x00001aea        0x0 c:/winavr-20100110/bin/../lib/gcc/avr/4.3.3/avr4\libgcc.a(_exit.o)
                0x00001aea                exit
                0x00001aea                _exit
 *(.fini9)
 *(.fini8)
 *(.fini8)
 *(.fini7)
 *(.fini7)
 *(.fini6)
 *(.fini6)
 *(.fini5)
 *(.fini5)
 *(.fini4)
 *(.fini4)
 *(.fini3)
 *(.fini3)
 *(.fini2)
 *(.fini2)
 *(.fini1)
 *(.fini1)
 *(.fini0)
 .fini0         0x00001aea        0x4 c:/winavr-20100110/bin/../lib/gcc/avr/4.3.3/avr4\libgcc.a(_exit.o)
 *(.fini0)
                0x00001aee                _etext = .

.data           0x00800060      0x126 load address 0x00001aee
                0x00800060                PROVIDE (__data_start, .)
 *(.data)
 .data          0x00800060        0x5 ./main.o
 .data          0x00800065        0x8 c:/winavr-20100110/bin/../lib/gcc/avr/4.3.3/avr4\libgcc.a(_thenan_sf.o)
                0x00800065                __thenan_sf
 .data          0x0080006d      0x100 c:/winavr-20100110/bin/../lib/gcc/avr/4.3.3/avr4\libgcc.a(_clz.o)
                0x0080006d                __clz_tab
 *(.data*)
 .data.stateMode
                0x0080016d        0x1 ./main.o
                0x0080016d                stateMode
 .data.state    0x0080016e        0x1 ./main.o
                0x0080016e                state
 .data.__malloc_margin
                0x0080016f        0x2 C:\Users\thiago\Dropbox\Circuits\sourceCodes\arduino_core\8_8MHz\libarduino_core.a(malloc.o)
                0x0080016f                __malloc_margin
 .data.__malloc_heap_start
                0x00800171        0x2 C:\Users\thiago\Dropbox\Circuits\sourceCodes\arduino_core\8_8MHz\libarduino_core.a(malloc.o)
                0x00800171                __malloc_heap_start
 .data.__malloc_heap_end
                0x00800173        0x2 C:\Users\thiago\Dropbox\Circuits\sourceCodes\arduino_core\8_8MHz\libarduino_core.a(malloc.o)
                0x00800173                __malloc_heap_end
 *(.rodata)
 *(.rodata*)
 .rodata._ZTV14HardwareSerial
                0x00800175       0x10 C:\Users\thiago\Dropbox\Circuits\sourceCodes\arduino_core\8_8MHz\libarduino_core.a(HardwareSerial.o)
                0x00800175                vtable for HardwareSerial
 *(.gnu.linkonce.d*)
                0x00800186                . = ALIGN (0x2)
 *fill*         0x00800185        0x1 00
                0x00800186                _edata = .
                0x00800186                PROVIDE (__data_end, .)

.bss            0x00800186       0xe2
                0x00800186                PROVIDE (__bss_start, .)
 *(.bss)
 *(.bss*)
 .bss.periodo   0x00800186        0x2 ./main.o
                0x00800186                periodo
 .bss.timeCounter
                0x00800188        0x2 ./main.o
                0x00800188                timeCounter
 .bss.flag_timeOver
                0x0080018a        0x1 ./main.o
                0x0080018a                flag_timeOver
 .bss.timeCounterSync
                0x0080018b        0x1 ./main.o
                0x0080018b                timeCounterSync
 .bss.flag_timeSync
                0x0080018c        0x1 ./main.o
                0x0080018c                flag_timeSync
 .bss.timeMainCounter
                0x0080018d        0x2 ./main.o
                0x0080018d                timeMainCounter
 .bss.levelSensorMLL
                0x0080018f        0x1 ./main.o
                0x0080018f                levelSensorMLL
 .bss.levelSensorLL
                0x00800190        0x1 ./main.o
                0x00800190                levelSensorLL
 .bss.flag_LL   0x00800191        0x1 ./main.o
                0x00800191                flag_LL
 .bss.flag_MLL  0x00800192        0x1 ./main.o
                0x00800192                flag_MLL
 .bss.j2        0x00800193        0x1 ./main.o
                0x00800193                j2
 .bss.inChar    0x00800194        0x1 ./main.o
                0x00800194                inChar
 .bss.flag_frameStart
                0x00800195        0x1 ./main.o
                0x00800195                flag_frameStart
 .bss.sInstrRx  0x00800196        0xa ./main.o
                0x00800196                sInstrRx
 .bss.sInstr    0x008001a0        0xa ./main.o
                0x008001a0                sInstr
 .bss.enableTranslate
                0x008001aa        0x1 ./main.o
                0x008001aa                enableTranslate
 .bss.enableDecode
                0x008001ab        0x1 ./main.o
                0x008001ab                enableDecode
 .bss.opcode    0x008001ac        0x1 ./main.o
                0x008001ac                opcode
 .bss.aux       0x008001ad        0x3 ./main.o
                0x008001ad                aux
 .bss.motorStatus
                0x008001b0        0x1 ./main.o
                0x008001b0                motorStatus
 .bss.rx_buffer
                0x008001b1       0x44 C:\Users\thiago\Dropbox\Circuits\sourceCodes\arduino_core\8_8MHz\libarduino_core.a(HardwareSerial.o)
                0x008001b1                rx_buffer
 .bss.tx_buffer
                0x008001f5       0x44 C:\Users\thiago\Dropbox\Circuits\sourceCodes\arduino_core\8_8MHz\libarduino_core.a(HardwareSerial.o)
                0x008001f5                tx_buffer
 .bss.Serial    0x00800239       0x22 C:\Users\thiago\Dropbox\Circuits\sourceCodes\arduino_core\8_8MHz\libarduino_core.a(HardwareSerial.o)
                0x00800239                Serial
 .bss.timer0_overflow_count
                0x0080025b        0x4 C:\Users\thiago\Dropbox\Circuits\sourceCodes\arduino_core\8_8MHz\libarduino_core.a(wiring.o)
                0x0080025b                timer0_overflow_count
 .bss.timer0_millis
                0x0080025f        0x4 C:\Users\thiago\Dropbox\Circuits\sourceCodes\arduino_core\8_8MHz\libarduino_core.a(wiring.o)
                0x0080025f                timer0_millis
 .bss.timer0_fract
                0x00800263        0x1 C:\Users\thiago\Dropbox\Circuits\sourceCodes\arduino_core\8_8MHz\libarduino_core.a(wiring.o)
 *(COMMON)
 COMMON         0x00800264        0x4 C:\Users\thiago\Dropbox\Circuits\sourceCodes\arduino_core\8_8MHz\libarduino_core.a(malloc.o)
                0x00800264                __brkval
                0x00800266                __flp
                0x00800268                PROVIDE (__bss_end, .)
                0x00001aee                __data_load_start = LOADADDR (.data)
                0x00001c14                __data_load_end = (__data_load_start + SIZEOF (.data))

.noinit         0x00800268        0x0
                0x00800268                PROVIDE (__noinit_start, .)
 *(.noinit*)
                0x00800268                PROVIDE (__noinit_end, .)
                0x00800268                _end = .
                0x00800268                PROVIDE (__heap_start, .)

.eeprom         0x00810000        0x0
 *(.eeprom*)
                0x00810000                __eeprom_end = .

.fuse
 *(.fuse)
 *(.lfuse)
 *(.hfuse)
 *(.efuse)

.lock
 *(.lock*)

.signature
 *(.signature*)

.stab           0x00000000     0x3594
 *(.stab)
 .stab          0x00000000     0x1260 ./main.o
                               0x13f8 (size before relaxing)
 .stab          0x00001260      0x708 C:\Users\thiago\Dropbox\Circuits\sourceCodes\arduino_core\8_8MHz\libarduino_core.a(malloc.o)
                                0x714 (size before relaxing)
 .stab          0x00001968      0xa20 C:\Users\thiago\Dropbox\Circuits\sourceCodes\arduino_core\8_8MHz\libarduino_core.a(HardwareSerial.o)
                                0xf90 (size before relaxing)
 .stab          0x00002388      0x5e8 C:\Users\thiago\Dropbox\Circuits\sourceCodes\arduino_core\8_8MHz\libarduino_core.a(Print.o)
                               0x1020 (size before relaxing)
 .stab          0x00002970      0x3fc C:\Users\thiago\Dropbox\Circuits\sourceCodes\arduino_core\8_8MHz\libarduino_core.a(WString.o)
                               0x2214 (size before relaxing)
 .stab          0x00002d6c      0x1c8 C:\Users\thiago\Dropbox\Circuits\sourceCodes\arduino_core\8_8MHz\libarduino_core.a(new.o)
                                0x378 (size before relaxing)
 .stab          0x00002f34      0x540 C:\Users\thiago\Dropbox\Circuits\sourceCodes\arduino_core\8_8MHz\libarduino_core.a(wiring.o)
                                0x948 (size before relaxing)
 .stab          0x00003474      0x120 C:\Users\thiago\Dropbox\Circuits\sourceCodes\arduino_core\8_8MHz\libarduino_core.a(realloc.o)
                                0x5ac (size before relaxing)

.stabstr        0x00000000     0x406b
 *(.stabstr)
 .stabstr       0x00000000     0x406b ./main.o

.stab.excl
 *(.stab.excl)

.stab.exclstr
 *(.stab.exclstr)

.stab.index
 *(.stab.index)

.stab.indexstr
 *(.stab.indexstr)

.comment
 *(.comment)

.debug
 *(.debug)

.line
 *(.line)

.debug_srcinfo
 *(.debug_srcinfo)

.debug_sfnames
 *(.debug_sfnames)

.debug_aranges  0x00000000      0x200
 *(.debug_aranges)
 .debug_aranges
                0x00000000       0x20 c:/winavr-20100110/bin/../lib/gcc/avr/4.3.3/avr4\libgcc.a(_fixunssfsi.o)
 .debug_aranges
                0x00000020       0x20 c:/winavr-20100110/bin/../lib/gcc/avr/4.3.3/avr4\libgcc.a(_addsub_sf.o)
 .debug_aranges
                0x00000040       0x20 c:/winavr-20100110/bin/../lib/gcc/avr/4.3.3/avr4\libgcc.a(_mul_sf.o)
 .debug_aranges
                0x00000060       0x20 c:/winavr-20100110/bin/../lib/gcc/avr/4.3.3/avr4\libgcc.a(_div_sf.o)
 .debug_aranges
                0x00000080       0x20 c:/winavr-20100110/bin/../lib/gcc/avr/4.3.3/avr4\libgcc.a(_gt_sf.o)
 .debug_aranges
                0x000000a0       0x20 c:/winavr-20100110/bin/../lib/gcc/avr/4.3.3/avr4\libgcc.a(_ge_sf.o)
 .debug_aranges
                0x000000c0       0x20 c:/winavr-20100110/bin/../lib/gcc/avr/4.3.3/avr4\libgcc.a(_lt_sf.o)
 .debug_aranges
                0x000000e0       0x20 c:/winavr-20100110/bin/../lib/gcc/avr/4.3.3/avr4\libgcc.a(_le_sf.o)
 .debug_aranges
                0x00000100       0x20 c:/winavr-20100110/bin/../lib/gcc/avr/4.3.3/avr4\libgcc.a(_unord_sf.o)
 .debug_aranges
                0x00000120       0x20 c:/winavr-20100110/bin/../lib/gcc/avr/4.3.3/avr4\libgcc.a(_si_to_sf.o)
 .debug_aranges
                0x00000140       0x20 c:/winavr-20100110/bin/../lib/gcc/avr/4.3.3/avr4\libgcc.a(_sf_to_si.o)
 .debug_aranges
                0x00000160       0x20 c:/winavr-20100110/bin/../lib/gcc/avr/4.3.3/avr4\libgcc.a(_usi_to_sf.o)
 .debug_aranges
                0x00000180       0x20 c:/winavr-20100110/bin/../lib/gcc/avr/4.3.3/avr4\libgcc.a(_clzsi2.o)
 .debug_aranges
                0x000001a0       0x20 c:/winavr-20100110/bin/../lib/gcc/avr/4.3.3/avr4\libgcc.a(_pack_sf.o)
 .debug_aranges
                0x000001c0       0x20 c:/winavr-20100110/bin/../lib/gcc/avr/4.3.3/avr4\libgcc.a(_unpack_sf.o)
 .debug_aranges
                0x000001e0       0x20 c:/winavr-20100110/bin/../lib/gcc/avr/4.3.3/avr4\libgcc.a(_fpcmp_parts_sf.o)

.debug_pubnames
                0x00000000      0x253
 *(.debug_pubnames)
 .debug_pubnames
                0x00000000       0x23 c:/winavr-20100110/bin/../lib/gcc/avr/4.3.3/avr4\libgcc.a(_fixunssfsi.o)
 .debug_pubnames
                0x00000023       0x2c c:/winavr-20100110/bin/../lib/gcc/avr/4.3.3/avr4\libgcc.a(_addsub_sf.o)
 .debug_pubnames
                0x0000004f       0x1f c:/winavr-20100110/bin/../lib/gcc/avr/4.3.3/avr4\libgcc.a(_mul_sf.o)
 .debug_pubnames
                0x0000006e       0x1f c:/winavr-20100110/bin/../lib/gcc/avr/4.3.3/avr4\libgcc.a(_div_sf.o)
 .debug_pubnames
                0x0000008d       0x1e c:/winavr-20100110/bin/../lib/gcc/avr/4.3.3/avr4\libgcc.a(_gt_sf.o)
 .debug_pubnames
                0x000000ab       0x1e c:/winavr-20100110/bin/../lib/gcc/avr/4.3.3/avr4\libgcc.a(_ge_sf.o)
 .debug_pubnames
                0x000000c9       0x1e c:/winavr-20100110/bin/../lib/gcc/avr/4.3.3/avr4\libgcc.a(_lt_sf.o)
 .debug_pubnames
                0x000000e7       0x1e c:/winavr-20100110/bin/../lib/gcc/avr/4.3.3/avr4\libgcc.a(_le_sf.o)
 .debug_pubnames
                0x00000105       0x21 c:/winavr-20100110/bin/../lib/gcc/avr/4.3.3/avr4\libgcc.a(_unord_sf.o)
 .debug_pubnames
                0x00000126       0x22 c:/winavr-20100110/bin/../lib/gcc/avr/4.3.3/avr4\libgcc.a(_si_to_sf.o)
 .debug_pubnames
                0x00000148       0x20 c:/winavr-20100110/bin/../lib/gcc/avr/4.3.3/avr4\libgcc.a(_sf_to_si.o)
 .debug_pubnames
                0x00000168       0x22 c:/winavr-20100110/bin/../lib/gcc/avr/4.3.3/avr4\libgcc.a(_thenan_sf.o)
 .debug_pubnames
                0x0000018a       0x24 c:/winavr-20100110/bin/../lib/gcc/avr/4.3.3/avr4\libgcc.a(_usi_to_sf.o)
 .debug_pubnames
                0x000001ae       0x1f c:/winavr-20100110/bin/../lib/gcc/avr/4.3.3/avr4\libgcc.a(_clzsi2.o)
 .debug_pubnames
                0x000001cd       0x1f c:/winavr-20100110/bin/../lib/gcc/avr/4.3.3/avr4\libgcc.a(_pack_sf.o)
 .debug_pubnames
                0x000001ec       0x21 c:/winavr-20100110/bin/../lib/gcc/avr/4.3.3/avr4\libgcc.a(_unpack_sf.o)
 .debug_pubnames
                0x0000020d       0x26 c:/winavr-20100110/bin/../lib/gcc/avr/4.3.3/avr4\libgcc.a(_fpcmp_parts_sf.o)
 .debug_pubnames
                0x00000233       0x20 c:/winavr-20100110/bin/../lib/gcc/avr/4.3.3/avr4\libgcc.a(_clz.o)

.debug_info     0x00000000     0x2b10
 *(.debug_info)
 .debug_info    0x00000000       0xb1 c:/winavr-20100110/bin/../lib/gcc/avr/4.3.3/avr4\libgcc.a(_fixunssfsi.o)
 .debug_info    0x000000b1      0x47a c:/winavr-20100110/bin/../lib/gcc/avr/4.3.3/avr4\libgcc.a(_addsub_sf.o)
 .debug_info    0x0000052b      0x485 c:/winavr-20100110/bin/../lib/gcc/avr/4.3.3/avr4\libgcc.a(_mul_sf.o)
 .debug_info    0x000009b0      0x3fc c:/winavr-20100110/bin/../lib/gcc/avr/4.3.3/avr4\libgcc.a(_div_sf.o)
 .debug_info    0x00000dac      0x27f c:/winavr-20100110/bin/../lib/gcc/avr/4.3.3/avr4\libgcc.a(_gt_sf.o)
 .debug_info    0x0000102b      0x27f c:/winavr-20100110/bin/../lib/gcc/avr/4.3.3/avr4\libgcc.a(_ge_sf.o)
 .debug_info    0x000012aa      0x27f c:/winavr-20100110/bin/../lib/gcc/avr/4.3.3/avr4\libgcc.a(_lt_sf.o)
 .debug_info    0x00001529      0x27f c:/winavr-20100110/bin/../lib/gcc/avr/4.3.3/avr4\libgcc.a(_le_sf.o)
 .debug_info    0x000017a8      0x27f c:/winavr-20100110/bin/../lib/gcc/avr/4.3.3/avr4\libgcc.a(_unord_sf.o)
 .debug_info    0x00001a27      0x207 c:/winavr-20100110/bin/../lib/gcc/avr/4.3.3/avr4\libgcc.a(_si_to_sf.o)
 .debug_info    0x00001c2e      0x2b0 c:/winavr-20100110/bin/../lib/gcc/avr/4.3.3/avr4\libgcc.a(_sf_to_si.o)
 .debug_info    0x00001ede      0x12c c:/winavr-20100110/bin/../lib/gcc/avr/4.3.3/avr4\libgcc.a(_thenan_sf.o)
 .debug_info    0x0000200a      0x206 c:/winavr-20100110/bin/../lib/gcc/avr/4.3.3/avr4\libgcc.a(_usi_to_sf.o)
 .debug_info    0x00002210      0x117 c:/winavr-20100110/bin/../lib/gcc/avr/4.3.3/avr4\libgcc.a(_clzsi2.o)
 .debug_info    0x00002327      0x2df c:/winavr-20100110/bin/../lib/gcc/avr/4.3.3/avr4\libgcc.a(_pack_sf.o)
 .debug_info    0x00002606      0x251 c:/winavr-20100110/bin/../lib/gcc/avr/4.3.3/avr4\libgcc.a(_unpack_sf.o)
 .debug_info    0x00002857      0x210 c:/winavr-20100110/bin/../lib/gcc/avr/4.3.3/avr4\libgcc.a(_fpcmp_parts_sf.o)
 .debug_info    0x00002a67       0xa9 c:/winavr-20100110/bin/../lib/gcc/avr/4.3.3/avr4\libgcc.a(_clz.o)
 *(.gnu.linkonce.wi.*)

.debug_abbrev   0x00000000     0x1782
 *(.debug_abbrev)
 .debug_abbrev  0x00000000       0x5d c:/winavr-20100110/bin/../lib/gcc/avr/4.3.3/avr4\libgcc.a(_fixunssfsi.o)
 .debug_abbrev  0x0000005d      0x1ea c:/winavr-20100110/bin/../lib/gcc/avr/4.3.3/avr4\libgcc.a(_addsub_sf.o)
 .debug_abbrev  0x00000247      0x21b c:/winavr-20100110/bin/../lib/gcc/avr/4.3.3/avr4\libgcc.a(_mul_sf.o)
 .debug_abbrev  0x00000462      0x216 c:/winavr-20100110/bin/../lib/gcc/avr/4.3.3/avr4\libgcc.a(_div_sf.o)
 .debug_abbrev  0x00000678      0x15a c:/winavr-20100110/bin/../lib/gcc/avr/4.3.3/avr4\libgcc.a(_gt_sf.o)
 .debug_abbrev  0x000007d2      0x15a c:/winavr-20100110/bin/../lib/gcc/avr/4.3.3/avr4\libgcc.a(_ge_sf.o)
 .debug_abbrev  0x0000092c      0x15a c:/winavr-20100110/bin/../lib/gcc/avr/4.3.3/avr4\libgcc.a(_lt_sf.o)
 .debug_abbrev  0x00000a86      0x15a c:/winavr-20100110/bin/../lib/gcc/avr/4.3.3/avr4\libgcc.a(_le_sf.o)
 .debug_abbrev  0x00000be0      0x15a c:/winavr-20100110/bin/../lib/gcc/avr/4.3.3/avr4\libgcc.a(_unord_sf.o)
 .debug_abbrev  0x00000d3a      0x148 c:/winavr-20100110/bin/../lib/gcc/avr/4.3.3/avr4\libgcc.a(_si_to_sf.o)
 .debug_abbrev  0x00000e82      0x17f c:/winavr-20100110/bin/../lib/gcc/avr/4.3.3/avr4\libgcc.a(_sf_to_si.o)
 .debug_abbrev  0x00001001       0xad c:/winavr-20100110/bin/../lib/gcc/avr/4.3.3/avr4\libgcc.a(_thenan_sf.o)
 .debug_abbrev  0x000010ae      0x157 c:/winavr-20100110/bin/../lib/gcc/avr/4.3.3/avr4\libgcc.a(_usi_to_sf.o)
 .debug_abbrev  0x00001205       0xc4 c:/winavr-20100110/bin/../lib/gcc/avr/4.3.3/avr4\libgcc.a(_clzsi2.o)
 .debug_abbrev  0x000012c9      0x1c0 c:/winavr-20100110/bin/../lib/gcc/avr/4.3.3/avr4\libgcc.a(_pack_sf.o)
 .debug_abbrev  0x00001489      0x154 c:/winavr-20100110/bin/../lib/gcc/avr/4.3.3/avr4\libgcc.a(_unpack_sf.o)
 .debug_abbrev  0x000015dd      0x13b c:/winavr-20100110/bin/../lib/gcc/avr/4.3.3/avr4\libgcc.a(_fpcmp_parts_sf.o)
 .debug_abbrev  0x00001718       0x6a c:/winavr-20100110/bin/../lib/gcc/avr/4.3.3/avr4\libgcc.a(_clz.o)

.debug_line     0x00000000     0x14a9
 *(.debug_line)
 .debug_line    0x00000000       0xa7 c:/winavr-20100110/bin/../lib/gcc/avr/4.3.3/avr4\libgcc.a(_fixunssfsi.o)
 .debug_line    0x000000a7      0x2af c:/winavr-20100110/bin/../lib/gcc/avr/4.3.3/avr4\libgcc.a(_addsub_sf.o)
 .debug_line    0x00000356      0x239 c:/winavr-20100110/bin/../lib/gcc/avr/4.3.3/avr4\libgcc.a(_mul_sf.o)
 .debug_line    0x0000058f      0x1d5 c:/winavr-20100110/bin/../lib/gcc/avr/4.3.3/avr4\libgcc.a(_div_sf.o)
 .debug_line    0x00000764       0xd3 c:/winavr-20100110/bin/../lib/gcc/avr/4.3.3/avr4\libgcc.a(_gt_sf.o)
 .debug_line    0x00000837       0xd3 c:/winavr-20100110/bin/../lib/gcc/avr/4.3.3/avr4\libgcc.a(_ge_sf.o)
 .debug_line    0x0000090a       0xd3 c:/winavr-20100110/bin/../lib/gcc/avr/4.3.3/avr4\libgcc.a(_lt_sf.o)
 .debug_line    0x000009dd       0xd3 c:/winavr-20100110/bin/../lib/gcc/avr/4.3.3/avr4\libgcc.a(_le_sf.o)
 .debug_line    0x00000ab0       0xcb c:/winavr-20100110/bin/../lib/gcc/avr/4.3.3/avr4\libgcc.a(_unord_sf.o)
 .debug_line    0x00000b7b      0x135 c:/winavr-20100110/bin/../lib/gcc/avr/4.3.3/avr4\libgcc.a(_si_to_sf.o)
 .debug_line    0x00000cb0      0x109 c:/winavr-20100110/bin/../lib/gcc/avr/4.3.3/avr4\libgcc.a(_sf_to_si.o)
 .debug_line    0x00000db9       0x90 c:/winavr-20100110/bin/../lib/gcc/avr/4.3.3/avr4\libgcc.a(_thenan_sf.o)
 .debug_line    0x00000e49      0x133 c:/winavr-20100110/bin/../lib/gcc/avr/4.3.3/avr4\libgcc.a(_usi_to_sf.o)
 .debug_line    0x00000f7c       0xa5 c:/winavr-20100110/bin/../lib/gcc/avr/4.3.3/avr4\libgcc.a(_clzsi2.o)
 .debug_line    0x00001021      0x18a c:/winavr-20100110/bin/../lib/gcc/avr/4.3.3/avr4\libgcc.a(_pack_sf.o)
 .debug_line    0x000011ab      0x14b c:/winavr-20100110/bin/../lib/gcc/avr/4.3.3/avr4\libgcc.a(_unpack_sf.o)
 .debug_line    0x000012f6      0x137 c:/winavr-20100110/bin/../lib/gcc/avr/4.3.3/avr4\libgcc.a(_fpcmp_parts_sf.o)
 .debug_line    0x0000142d       0x7c c:/winavr-20100110/bin/../lib/gcc/avr/4.3.3/avr4\libgcc.a(_clz.o)

.debug_frame    0x00000000      0x220
 *(.debug_frame)
 .debug_frame   0x00000000       0x20 c:/winavr-20100110/bin/../lib/gcc/avr/4.3.3/avr4\libgcc.a(_fixunssfsi.o)
 .debug_frame   0x00000020       0x40 c:/winavr-20100110/bin/../lib/gcc/avr/4.3.3/avr4\libgcc.a(_addsub_sf.o)
 .debug_frame   0x00000060       0x20 c:/winavr-20100110/bin/../lib/gcc/avr/4.3.3/avr4\libgcc.a(_mul_sf.o)
 .debug_frame   0x00000080       0x20 c:/winavr-20100110/bin/../lib/gcc/avr/4.3.3/avr4\libgcc.a(_div_sf.o)
 .debug_frame   0x000000a0       0x20 c:/winavr-20100110/bin/../lib/gcc/avr/4.3.3/avr4\libgcc.a(_gt_sf.o)
 .debug_frame   0x000000c0       0x20 c:/winavr-20100110/bin/../lib/gcc/avr/4.3.3/avr4\libgcc.a(_ge_sf.o)
 .debug_frame   0x000000e0       0x20 c:/winavr-20100110/bin/../lib/gcc/avr/4.3.3/avr4\libgcc.a(_lt_sf.o)
 .debug_frame   0x00000100       0x20 c:/winavr-20100110/bin/../lib/gcc/avr/4.3.3/avr4\libgcc.a(_le_sf.o)
 .debug_frame   0x00000120       0x20 c:/winavr-20100110/bin/../lib/gcc/avr/4.3.3/avr4\libgcc.a(_unord_sf.o)
 .debug_frame   0x00000140       0x20 c:/winavr-20100110/bin/../lib/gcc/avr/4.3.3/avr4\libgcc.a(_si_to_sf.o)
 .debug_frame   0x00000160       0x20 c:/winavr-20100110/bin/../lib/gcc/avr/4.3.3/avr4\libgcc.a(_sf_to_si.o)
 .debug_frame   0x00000180       0x20 c:/winavr-20100110/bin/../lib/gcc/avr/4.3.3/avr4\libgcc.a(_usi_to_sf.o)
 .debug_frame   0x000001a0       0x20 c:/winavr-20100110/bin/../lib/gcc/avr/4.3.3/avr4\libgcc.a(_clzsi2.o)
 .debug_frame   0x000001c0       0x20 c:/winavr-20100110/bin/../lib/gcc/avr/4.3.3/avr4\libgcc.a(_pack_sf.o)
 .debug_frame   0x000001e0       0x20 c:/winavr-20100110/bin/../lib/gcc/avr/4.3.3/avr4\libgcc.a(_unpack_sf.o)
 .debug_frame   0x00000200       0x20 c:/winavr-20100110/bin/../lib/gcc/avr/4.3.3/avr4\libgcc.a(_fpcmp_parts_sf.o)

.debug_str      0x00000000      0x31a
 *(.debug_str)
 .debug_str     0x00000000       0xbf c:/winavr-20100110/bin/../lib/gcc/avr/4.3.3/avr4\libgcc.a(_fixunssfsi.o)
                                 0xfe (size before relaxing)
 .debug_str     0x000000bf      0x14d c:/winavr-20100110/bin/../lib/gcc/avr/4.3.3/avr4\libgcc.a(_addsub_sf.o)
                                0x206 (size before relaxing)
 .debug_str     0x0000020c       0x27 c:/winavr-20100110/bin/../lib/gcc/avr/4.3.3/avr4\libgcc.a(_mul_sf.o)
                                0x1bf (size before relaxing)
 .debug_str     0x00000233       0x35 c:/winavr-20100110/bin/../lib/gcc/avr/4.3.3/avr4\libgcc.a(_div_sf.o)
                                0x1c8 (size before relaxing)
 .debug_str     0x00000268        0x8 c:/winavr-20100110/bin/../lib/gcc/avr/4.3.3/avr4\libgcc.a(_gt_sf.o)
                                0x195 (size before relaxing)
 .debug_str     0x00000270        0x8 c:/winavr-20100110/bin/../lib/gcc/avr/4.3.3/avr4\libgcc.a(_ge_sf.o)
                                0x195 (size before relaxing)
 .debug_str     0x00000278        0x8 c:/winavr-20100110/bin/../lib/gcc/avr/4.3.3/avr4\libgcc.a(_lt_sf.o)
                                0x195 (size before relaxing)
 .debug_str     0x00000280        0x8 c:/winavr-20100110/bin/../lib/gcc/avr/4.3.3/avr4\libgcc.a(_le_sf.o)
                                0x195 (size before relaxing)
 .debug_str     0x00000288        0xb c:/winavr-20100110/bin/../lib/gcc/avr/4.3.3/avr4\libgcc.a(_unord_sf.o)
                                0x198 (size before relaxing)
 .debug_str     0x00000293       0x1e c:/winavr-20100110/bin/../lib/gcc/avr/4.3.3/avr4\libgcc.a(_si_to_sf.o)
                                0x17b (size before relaxing)
 .debug_str     0x000002b1        0xa c:/winavr-20100110/bin/../lib/gcc/avr/4.3.3/avr4\libgcc.a(_sf_to_si.o)
                                0x19e (size before relaxing)
 .debug_str     0x00000000      0x103 c:/winavr-20100110/bin/../lib/gcc/avr/4.3.3/avr4\libgcc.a(_thenan_sf.o)
 .debug_str     0x000002bb       0x14 c:/winavr-20100110/bin/../lib/gcc/avr/4.3.3/avr4\libgcc.a(_usi_to_sf.o)
                                0x177 (size before relaxing)
 .debug_str     0x000002cf       0x20 c:/winavr-20100110/bin/../lib/gcc/avr/4.3.3/avr4\libgcc.a(_clzsi2.o)
                                0x111 (size before relaxing)
 .debug_str     0x000002ef       0x10 c:/winavr-20100110/bin/../lib/gcc/avr/4.3.3/avr4\libgcc.a(_pack_sf.o)
                                0x19d (size before relaxing)
 .debug_str     0x000002ff        0xb c:/winavr-20100110/bin/../lib/gcc/avr/4.3.3/avr4\libgcc.a(_unpack_sf.o)
                                0x17f (size before relaxing)
 .debug_str     0x0000030a       0x10 c:/winavr-20100110/bin/../lib/gcc/avr/4.3.3/avr4\libgcc.a(_fpcmp_parts_sf.o)
                                0x163 (size before relaxing)
 .debug_str     0x00000000       0xf4 c:/winavr-20100110/bin/../lib/gcc/avr/4.3.3/avr4\libgcc.a(_clz.o)

.debug_loc      0x00000000      0xa92
 *(.debug_loc)
 .debug_loc     0x00000000       0x34 c:/winavr-20100110/bin/../lib/gcc/avr/4.3.3/avr4\libgcc.a(_fixunssfsi.o)
 .debug_loc     0x00000034      0x32a c:/winavr-20100110/bin/../lib/gcc/avr/4.3.3/avr4\libgcc.a(_addsub_sf.o)
 .debug_loc     0x0000035e      0x104 c:/winavr-20100110/bin/../lib/gcc/avr/4.3.3/avr4\libgcc.a(_mul_sf.o)
 .debug_loc     0x00000462       0xc0 c:/winavr-20100110/bin/../lib/gcc/avr/4.3.3/avr4\libgcc.a(_div_sf.o)
 .debug_loc     0x00000522       0x3c c:/winavr-20100110/bin/../lib/gcc/avr/4.3.3/avr4\libgcc.a(_gt_sf.o)
 .debug_loc     0x0000055e       0x3c c:/winavr-20100110/bin/../lib/gcc/avr/4.3.3/avr4\libgcc.a(_ge_sf.o)
 .debug_loc     0x0000059a       0x3c c:/winavr-20100110/bin/../lib/gcc/avr/4.3.3/avr4\libgcc.a(_lt_sf.o)
 .debug_loc     0x000005d6       0x3c c:/winavr-20100110/bin/../lib/gcc/avr/4.3.3/avr4\libgcc.a(_le_sf.o)
 .debug_loc     0x00000612       0x3c c:/winavr-20100110/bin/../lib/gcc/avr/4.3.3/avr4\libgcc.a(_unord_sf.o)
 .debug_loc     0x0000064e       0xac c:/winavr-20100110/bin/../lib/gcc/avr/4.3.3/avr4\libgcc.a(_si_to_sf.o)
 .debug_loc     0x000006fa       0x7e c:/winavr-20100110/bin/../lib/gcc/avr/4.3.3/avr4\libgcc.a(_sf_to_si.o)
 .debug_loc     0x00000778       0x4c c:/winavr-20100110/bin/../lib/gcc/avr/4.3.3/avr4\libgcc.a(_usi_to_sf.o)
 .debug_loc     0x000007c4       0x94 c:/winavr-20100110/bin/../lib/gcc/avr/4.3.3/avr4\libgcc.a(_clzsi2.o)
 .debug_loc     0x00000858      0x13e c:/winavr-20100110/bin/../lib/gcc/avr/4.3.3/avr4\libgcc.a(_pack_sf.o)
 .debug_loc     0x00000996       0xac c:/winavr-20100110/bin/../lib/gcc/avr/4.3.3/avr4\libgcc.a(_unpack_sf.o)
 .debug_loc     0x00000a42       0x50 c:/winavr-20100110/bin/../lib/gcc/avr/4.3.3/avr4\libgcc.a(_fpcmp_parts_sf.o)

.debug_macinfo
 *(.debug_macinfo)
OUTPUT(Agro_Timer.elf elf32-avr)
LOAD linker stubs

.debug_ranges   0x00000000       0x50
 .debug_ranges  0x00000000       0x50 c:/winavr-20100110/bin/../lib/gcc/avr/4.3.3/avr4\libgcc.a(_mul_sf.o)

Cross Reference Table

Symbol                                            File
HardwareSerial::HardwareSerial(ring_buffer*, ring_buffer*, unsigned char volatile*, unsigned char volatile*, unsigned char volatile*, unsigned char volatile*, unsigned char volatile*, unsigned char volatile*, unsigned char, unsigned char, unsigned char, unsigned char, unsigned char) C:\Users\thiago\Dropbox\Circuits\sourceCodes\arduino_core\8_8MHz\libarduino_core.a(HardwareSerial.o)
HardwareSerial::HardwareSerial(ring_buffer*, ring_buffer*, unsigned char volatile*, unsigned char volatile*, unsigned char volatile*, unsigned char volatile*, unsigned char volatile*, unsigned char volatile*, unsigned char, unsigned char, unsigned char, unsigned char, unsigned char) C:\Users\thiago\Dropbox\Circuits\sourceCodes\arduino_core\8_8MHz\libarduino_core.a(HardwareSerial.o)
HardwareSerial::available()                       C:\Users\thiago\Dropbox\Circuits\sourceCodes\arduino_core\8_8MHz\libarduino_core.a(HardwareSerial.o)
                                                  ./main.o
HardwareSerial::begin(unsigned long)              C:\Users\thiago\Dropbox\Circuits\sourceCodes\arduino_core\8_8MHz\libarduino_core.a(HardwareSerial.o)
                                                  ./main.o
HardwareSerial::begin(unsigned long, unsigned char) C:\Users\thiago\Dropbox\Circuits\sourceCodes\arduino_core\8_8MHz\libarduino_core.a(HardwareSerial.o)
HardwareSerial::end()                             C:\Users\thiago\Dropbox\Circuits\sourceCodes\arduino_core\8_8MHz\libarduino_core.a(HardwareSerial.o)
HardwareSerial::flush()                           C:\Users\thiago\Dropbox\Circuits\sourceCodes\arduino_core\8_8MHz\libarduino_core.a(HardwareSerial.o)
HardwareSerial::operator bool()                   C:\Users\thiago\Dropbox\Circuits\sourceCodes\arduino_core\8_8MHz\libarduino_core.a(HardwareSerial.o)
HardwareSerial::peek()                            C:\Users\thiago\Dropbox\Circuits\sourceCodes\arduino_core\8_8MHz\libarduino_core.a(HardwareSerial.o)
HardwareSerial::read()                            C:\Users\thiago\Dropbox\Circuits\sourceCodes\arduino_core\8_8MHz\libarduino_core.a(HardwareSerial.o)
                                                  ./main.o
HardwareSerial::write(unsigned char)              C:\Users\thiago\Dropbox\Circuits\sourceCodes\arduino_core\8_8MHz\libarduino_core.a(HardwareSerial.o)
HourOff                                           ./main.o
HourOn                                            ./main.o
MinOff                                            ./main.o
MinOn                                             ./main.o
Print::print(Printable const&)                    C:\Users\thiago\Dropbox\Circuits\sourceCodes\arduino_core\8_8MHz\libarduino_core.a(Print.o)
Print::print(String const&)                       C:\Users\thiago\Dropbox\Circuits\sourceCodes\arduino_core\8_8MHz\libarduino_core.a(Print.o)
Print::print(__FlashStringHelper const*)          C:\Users\thiago\Dropbox\Circuits\sourceCodes\arduino_core\8_8MHz\libarduino_core.a(Print.o)
Print::print(char const*)                         C:\Users\thiago\Dropbox\Circuits\sourceCodes\arduino_core\8_8MHz\libarduino_core.a(Print.o)
Print::print(char)                                C:\Users\thiago\Dropbox\Circuits\sourceCodes\arduino_core\8_8MHz\libarduino_core.a(Print.o)
Print::print(double, int)                         C:\Users\thiago\Dropbox\Circuits\sourceCodes\arduino_core\8_8MHz\libarduino_core.a(Print.o)
Print::print(int, int)                            C:\Users\thiago\Dropbox\Circuits\sourceCodes\arduino_core\8_8MHz\libarduino_core.a(Print.o)
Print::print(long, int)                           C:\Users\thiago\Dropbox\Circuits\sourceCodes\arduino_core\8_8MHz\libarduino_core.a(Print.o)
Print::print(unsigned char, int)                  C:\Users\thiago\Dropbox\Circuits\sourceCodes\arduino_core\8_8MHz\libarduino_core.a(Print.o)
Print::print(unsigned int, int)                   C:\Users\thiago\Dropbox\Circuits\sourceCodes\arduino_core\8_8MHz\libarduino_core.a(Print.o)
Print::print(unsigned long, int)                  C:\Users\thiago\Dropbox\Circuits\sourceCodes\arduino_core\8_8MHz\libarduino_core.a(Print.o)
Print::printFloat(double, unsigned char)          C:\Users\thiago\Dropbox\Circuits\sourceCodes\arduino_core\8_8MHz\libarduino_core.a(Print.o)
Print::printNumber(unsigned long, unsigned char)  C:\Users\thiago\Dropbox\Circuits\sourceCodes\arduino_core\8_8MHz\libarduino_core.a(Print.o)
Print::println()                                  C:\Users\thiago\Dropbox\Circuits\sourceCodes\arduino_core\8_8MHz\libarduino_core.a(Print.o)
Print::println(Printable const&)                  C:\Users\thiago\Dropbox\Circuits\sourceCodes\arduino_core\8_8MHz\libarduino_core.a(Print.o)
Print::println(String const&)                     C:\Users\thiago\Dropbox\Circuits\sourceCodes\arduino_core\8_8MHz\libarduino_core.a(Print.o)
Print::println(__FlashStringHelper const*)        C:\Users\thiago\Dropbox\Circuits\sourceCodes\arduino_core\8_8MHz\libarduino_core.a(Print.o)
Print::println(char const*)                       C:\Users\thiago\Dropbox\Circuits\sourceCodes\arduino_core\8_8MHz\libarduino_core.a(Print.o)
                                                  ./main.o
Print::println(char)                              C:\Users\thiago\Dropbox\Circuits\sourceCodes\arduino_core\8_8MHz\libarduino_core.a(Print.o)
Print::println(double, int)                       C:\Users\thiago\Dropbox\Circuits\sourceCodes\arduino_core\8_8MHz\libarduino_core.a(Print.o)
Print::println(int, int)                          C:\Users\thiago\Dropbox\Circuits\sourceCodes\arduino_core\8_8MHz\libarduino_core.a(Print.o)
Print::println(long, int)                         C:\Users\thiago\Dropbox\Circuits\sourceCodes\arduino_core\8_8MHz\libarduino_core.a(Print.o)
Print::println(unsigned char, int)                C:\Users\thiago\Dropbox\Circuits\sourceCodes\arduino_core\8_8MHz\libarduino_core.a(Print.o)
Print::println(unsigned int, int)                 C:\Users\thiago\Dropbox\Circuits\sourceCodes\arduino_core\8_8MHz\libarduino_core.a(Print.o)
Print::println(unsigned long, int)                C:\Users\thiago\Dropbox\Circuits\sourceCodes\arduino_core\8_8MHz\libarduino_core.a(Print.o)
Print::write(char const*)                         C:\Users\thiago\Dropbox\Circuits\sourceCodes\arduino_core\8_8MHz\libarduino_core.a(Print.o)
Print::write(unsigned char const*, unsigned int)  C:\Users\thiago\Dropbox\Circuits\sourceCodes\arduino_core\8_8MHz\libarduino_core.a(Print.o)
                                                  C:\Users\thiago\Dropbox\Circuits\sourceCodes\arduino_core\8_8MHz\libarduino_core.a(HardwareSerial.o)
Serial                                            C:\Users\thiago\Dropbox\Circuits\sourceCodes\arduino_core\8_8MHz\libarduino_core.a(HardwareSerial.o)
                                                  ./main.o
String::String(String const&)                     C:\Users\thiago\Dropbox\Circuits\sourceCodes\arduino_core\8_8MHz\libarduino_core.a(WString.o)
String::String(String const&)                     C:\Users\thiago\Dropbox\Circuits\sourceCodes\arduino_core\8_8MHz\libarduino_core.a(WString.o)
String::String(char const*)                       C:\Users\thiago\Dropbox\Circuits\sourceCodes\arduino_core\8_8MHz\libarduino_core.a(WString.o)
String::String(char const*)                       C:\Users\thiago\Dropbox\Circuits\sourceCodes\arduino_core\8_8MHz\libarduino_core.a(WString.o)
String::String(char)                              C:\Users\thiago\Dropbox\Circuits\sourceCodes\arduino_core\8_8MHz\libarduino_core.a(WString.o)
String::String(char)                              C:\Users\thiago\Dropbox\Circuits\sourceCodes\arduino_core\8_8MHz\libarduino_core.a(WString.o)
String::String(int, unsigned char)                C:\Users\thiago\Dropbox\Circuits\sourceCodes\arduino_core\8_8MHz\libarduino_core.a(WString.o)
String::String(int, unsigned char)                C:\Users\thiago\Dropbox\Circuits\sourceCodes\arduino_core\8_8MHz\libarduino_core.a(WString.o)
String::String(long, unsigned char)               C:\Users\thiago\Dropbox\Circuits\sourceCodes\arduino_core\8_8MHz\libarduino_core.a(WString.o)
String::String(long, unsigned char)               C:\Users\thiago\Dropbox\Circuits\sourceCodes\arduino_core\8_8MHz\libarduino_core.a(WString.o)
String::String(unsigned char, unsigned char)      C:\Users\thiago\Dropbox\Circuits\sourceCodes\arduino_core\8_8MHz\libarduino_core.a(WString.o)
String::String(unsigned char, unsigned char)      C:\Users\thiago\Dropbox\Circuits\sourceCodes\arduino_core\8_8MHz\libarduino_core.a(WString.o)
String::String(unsigned int, unsigned char)       C:\Users\thiago\Dropbox\Circuits\sourceCodes\arduino_core\8_8MHz\libarduino_core.a(WString.o)
String::String(unsigned int, unsigned char)       C:\Users\thiago\Dropbox\Circuits\sourceCodes\arduino_core\8_8MHz\libarduino_core.a(WString.o)
String::String(unsigned long, unsigned char)      C:\Users\thiago\Dropbox\Circuits\sourceCodes\arduino_core\8_8MHz\libarduino_core.a(WString.o)
String::String(unsigned long, unsigned char)      C:\Users\thiago\Dropbox\Circuits\sourceCodes\arduino_core\8_8MHz\libarduino_core.a(WString.o)
String::changeBuffer(unsigned int)                C:\Users\thiago\Dropbox\Circuits\sourceCodes\arduino_core\8_8MHz\libarduino_core.a(WString.o)
String::charAt(unsigned int) const                C:\Users\thiago\Dropbox\Circuits\sourceCodes\arduino_core\8_8MHz\libarduino_core.a(WString.o)
String::compareTo(String const&) const            C:\Users\thiago\Dropbox\Circuits\sourceCodes\arduino_core\8_8MHz\libarduino_core.a(WString.o)
String::concat(String const&)                     C:\Users\thiago\Dropbox\Circuits\sourceCodes\arduino_core\8_8MHz\libarduino_core.a(WString.o)
String::concat(char const*)                       C:\Users\thiago\Dropbox\Circuits\sourceCodes\arduino_core\8_8MHz\libarduino_core.a(WString.o)
String::concat(char const*, unsigned int)         C:\Users\thiago\Dropbox\Circuits\sourceCodes\arduino_core\8_8MHz\libarduino_core.a(WString.o)
String::concat(char)                              C:\Users\thiago\Dropbox\Circuits\sourceCodes\arduino_core\8_8MHz\libarduino_core.a(WString.o)
String::concat(int)                               C:\Users\thiago\Dropbox\Circuits\sourceCodes\arduino_core\8_8MHz\libarduino_core.a(WString.o)
String::concat(long)                              C:\Users\thiago\Dropbox\Circuits\sourceCodes\arduino_core\8_8MHz\libarduino_core.a(WString.o)
String::concat(unsigned char)                     C:\Users\thiago\Dropbox\Circuits\sourceCodes\arduino_core\8_8MHz\libarduino_core.a(WString.o)
String::concat(unsigned int)                      C:\Users\thiago\Dropbox\Circuits\sourceCodes\arduino_core\8_8MHz\libarduino_core.a(WString.o)
String::concat(unsigned long)                     C:\Users\thiago\Dropbox\Circuits\sourceCodes\arduino_core\8_8MHz\libarduino_core.a(WString.o)
String::copy(char const*, unsigned int)           C:\Users\thiago\Dropbox\Circuits\sourceCodes\arduino_core\8_8MHz\libarduino_core.a(WString.o)
String::endsWith(String const&) const             C:\Users\thiago\Dropbox\Circuits\sourceCodes\arduino_core\8_8MHz\libarduino_core.a(WString.o)
String::equals(String const&) const               C:\Users\thiago\Dropbox\Circuits\sourceCodes\arduino_core\8_8MHz\libarduino_core.a(WString.o)
String::equals(char const*) const                 C:\Users\thiago\Dropbox\Circuits\sourceCodes\arduino_core\8_8MHz\libarduino_core.a(WString.o)
String::equalsIgnoreCase(String const&) const     C:\Users\thiago\Dropbox\Circuits\sourceCodes\arduino_core\8_8MHz\libarduino_core.a(WString.o)
String::getBytes(unsigned char*, unsigned int, unsigned int) const C:\Users\thiago\Dropbox\Circuits\sourceCodes\arduino_core\8_8MHz\libarduino_core.a(WString.o)
String::indexOf(String const&) const              C:\Users\thiago\Dropbox\Circuits\sourceCodes\arduino_core\8_8MHz\libarduino_core.a(WString.o)
String::indexOf(String const&, unsigned int) const C:\Users\thiago\Dropbox\Circuits\sourceCodes\arduino_core\8_8MHz\libarduino_core.a(WString.o)
String::indexOf(char) const                       C:\Users\thiago\Dropbox\Circuits\sourceCodes\arduino_core\8_8MHz\libarduino_core.a(WString.o)
String::indexOf(char, unsigned int) const         C:\Users\thiago\Dropbox\Circuits\sourceCodes\arduino_core\8_8MHz\libarduino_core.a(WString.o)
String::invalidate()                              C:\Users\thiago\Dropbox\Circuits\sourceCodes\arduino_core\8_8MHz\libarduino_core.a(WString.o)
String::lastIndexOf(String const&) const          C:\Users\thiago\Dropbox\Circuits\sourceCodes\arduino_core\8_8MHz\libarduino_core.a(WString.o)
String::lastIndexOf(String const&, unsigned int) const C:\Users\thiago\Dropbox\Circuits\sourceCodes\arduino_core\8_8MHz\libarduino_core.a(WString.o)
String::lastIndexOf(char) const                   C:\Users\thiago\Dropbox\Circuits\sourceCodes\arduino_core\8_8MHz\libarduino_core.a(WString.o)
String::lastIndexOf(char, unsigned int) const     C:\Users\thiago\Dropbox\Circuits\sourceCodes\arduino_core\8_8MHz\libarduino_core.a(WString.o)
String::operator<(String const&) const            C:\Users\thiago\Dropbox\Circuits\sourceCodes\arduino_core\8_8MHz\libarduino_core.a(WString.o)
String::operator<=(String const&) const           C:\Users\thiago\Dropbox\Circuits\sourceCodes\arduino_core\8_8MHz\libarduino_core.a(WString.o)
String::operator=(String const&)                  C:\Users\thiago\Dropbox\Circuits\sourceCodes\arduino_core\8_8MHz\libarduino_core.a(WString.o)
String::operator=(char const*)                    C:\Users\thiago\Dropbox\Circuits\sourceCodes\arduino_core\8_8MHz\libarduino_core.a(WString.o)
String::operator>(String const&) const            C:\Users\thiago\Dropbox\Circuits\sourceCodes\arduino_core\8_8MHz\libarduino_core.a(WString.o)
String::operator>=(String const&) const           C:\Users\thiago\Dropbox\Circuits\sourceCodes\arduino_core\8_8MHz\libarduino_core.a(WString.o)
String::operator[](unsigned int)                  C:\Users\thiago\Dropbox\Circuits\sourceCodes\arduino_core\8_8MHz\libarduino_core.a(WString.o)
String::operator[](unsigned int) const            C:\Users\thiago\Dropbox\Circuits\sourceCodes\arduino_core\8_8MHz\libarduino_core.a(WString.o)
                                                  C:\Users\thiago\Dropbox\Circuits\sourceCodes\arduino_core\8_8MHz\libarduino_core.a(Print.o)
String::replace(String const&, String const&)     C:\Users\thiago\Dropbox\Circuits\sourceCodes\arduino_core\8_8MHz\libarduino_core.a(WString.o)
String::replace(char, char)                       C:\Users\thiago\Dropbox\Circuits\sourceCodes\arduino_core\8_8MHz\libarduino_core.a(WString.o)
String::reserve(unsigned int)                     C:\Users\thiago\Dropbox\Circuits\sourceCodes\arduino_core\8_8MHz\libarduino_core.a(WString.o)
String::setCharAt(unsigned int, char)             C:\Users\thiago\Dropbox\Circuits\sourceCodes\arduino_core\8_8MHz\libarduino_core.a(WString.o)
String::startsWith(String const&) const           C:\Users\thiago\Dropbox\Circuits\sourceCodes\arduino_core\8_8MHz\libarduino_core.a(WString.o)
String::startsWith(String const&, unsigned int) const C:\Users\thiago\Dropbox\Circuits\sourceCodes\arduino_core\8_8MHz\libarduino_core.a(WString.o)
String::substring(unsigned int) const             C:\Users\thiago\Dropbox\Circuits\sourceCodes\arduino_core\8_8MHz\libarduino_core.a(WString.o)
String::substring(unsigned int, unsigned int) const C:\Users\thiago\Dropbox\Circuits\sourceCodes\arduino_core\8_8MHz\libarduino_core.a(WString.o)
String::toInt() const                             C:\Users\thiago\Dropbox\Circuits\sourceCodes\arduino_core\8_8MHz\libarduino_core.a(WString.o)
String::toLowerCase()                             C:\Users\thiago\Dropbox\Circuits\sourceCodes\arduino_core\8_8MHz\libarduino_core.a(WString.o)
String::toUpperCase()                             C:\Users\thiago\Dropbox\Circuits\sourceCodes\arduino_core\8_8MHz\libarduino_core.a(WString.o)
String::trim()                                    C:\Users\thiago\Dropbox\Circuits\sourceCodes\arduino_core\8_8MHz\libarduino_core.a(WString.o)
String::~String()                                 C:\Users\thiago\Dropbox\Circuits\sourceCodes\arduino_core\8_8MHz\libarduino_core.a(WString.o)
String::~String()                                 C:\Users\thiago\Dropbox\Circuits\sourceCodes\arduino_core\8_8MHz\libarduino_core.a(WString.o)
__addsf3                                          c:/winavr-20100110/bin/../lib/gcc/avr/4.3.3/avr4\libgcc.a(_addsub_sf.o)
                                                  C:\Users\thiago\Dropbox\Circuits\sourceCodes\arduino_core\8_8MHz\libarduino_core.a(Print.o)
                                                  ./main.o
__bad_interrupt                                   c:/winavr-20100110/bin/../lib/gcc/avr/4.3.3/../../../../avr/lib/avr4/crtm8.o
__brkval                                          C:\Users\thiago\Dropbox\Circuits\sourceCodes\arduino_core\8_8MHz\libarduino_core.a(realloc.o)
                                                  C:\Users\thiago\Dropbox\Circuits\sourceCodes\arduino_core\8_8MHz\libarduino_core.a(malloc.o)
__bss_end                                         c:/winavr-20100110/bin/../lib/gcc/avr/4.3.3/avr4\libgcc.a(_clear_bss.o)
__bss_start                                       c:/winavr-20100110/bin/../lib/gcc/avr/4.3.3/avr4\libgcc.a(_clear_bss.o)
__clz_tab                                         c:/winavr-20100110/bin/../lib/gcc/avr/4.3.3/avr4\libgcc.a(_clz.o)
                                                  c:/winavr-20100110/bin/../lib/gcc/avr/4.3.3/avr4\libgcc.a(_clzsi2.o)
__clzsi2                                          c:/winavr-20100110/bin/../lib/gcc/avr/4.3.3/avr4\libgcc.a(_clzsi2.o)
                                                  c:/winavr-20100110/bin/../lib/gcc/avr/4.3.3/avr4\libgcc.a(_usi_to_sf.o)
                                                  c:/winavr-20100110/bin/../lib/gcc/avr/4.3.3/avr4\libgcc.a(_si_to_sf.o)
__ctors_end                                       c:/winavr-20100110/bin/../lib/gcc/avr/4.3.3/avr4\libgcc.a(_ctors.o)
__ctors_start                                     c:/winavr-20100110/bin/../lib/gcc/avr/4.3.3/avr4\libgcc.a(_ctors.o)
__ctype_isfalse                                   c:/winavr-20100110/bin/../lib/gcc/avr/4.3.3/../../../../avr/lib/avr4\libc.a(cty_isfalse.o)
                                                  c:/winavr-20100110/bin/../lib/gcc/avr/4.3.3/../../../../avr/lib/avr4\libc.a(isspace.o)
__ctype_istrue                                    c:/winavr-20100110/bin/../lib/gcc/avr/4.3.3/../../../../avr/lib/avr4\libc.a(cty_isfalse.o)
__cxa_guard_abort                                 C:\Users\thiago\Dropbox\Circuits\sourceCodes\arduino_core\8_8MHz\libarduino_core.a(new.o)
__cxa_guard_acquire                               C:\Users\thiago\Dropbox\Circuits\sourceCodes\arduino_core\8_8MHz\libarduino_core.a(new.o)
__cxa_guard_release                               C:\Users\thiago\Dropbox\Circuits\sourceCodes\arduino_core\8_8MHz\libarduino_core.a(new.o)
__cxa_pure_virtual                                C:\Users\thiago\Dropbox\Circuits\sourceCodes\arduino_core\8_8MHz\libarduino_core.a(new.o)
                                                  C:\Users\thiago\Dropbox\Circuits\sourceCodes\arduino_core\8_8MHz\libarduino_core.a(Print.o)
                                                  C:\Users\thiago\Dropbox\Circuits\sourceCodes\arduino_core\8_8MHz\libarduino_core.a(HardwareSerial.o)
__data_end                                        c:/winavr-20100110/bin/../lib/gcc/avr/4.3.3/avr4\libgcc.a(_copy_data.o)
__data_load_start                                 c:/winavr-20100110/bin/../lib/gcc/avr/4.3.3/avr4\libgcc.a(_copy_data.o)
__data_start                                      c:/winavr-20100110/bin/../lib/gcc/avr/4.3.3/avr4\libgcc.a(_copy_data.o)
__divsf3                                          c:/winavr-20100110/bin/../lib/gcc/avr/4.3.3/avr4\libgcc.a(_div_sf.o)
                                                  C:\Users\thiago\Dropbox\Circuits\sourceCodes\arduino_core\8_8MHz\libarduino_core.a(Print.o)
                                                  ./main.o
__do_clear_bss                                    c:/winavr-20100110/bin/../lib/gcc/avr/4.3.3/avr4\libgcc.a(_clear_bss.o)
                                                  C:\Users\thiago\Dropbox\Circuits\sourceCodes\arduino_core\8_8MHz\libarduino_core.a(wiring.o)
                                                  C:\Users\thiago\Dropbox\Circuits\sourceCodes\arduino_core\8_8MHz\libarduino_core.a(WString.o)
                                                  C:\Users\thiago\Dropbox\Circuits\sourceCodes\arduino_core\8_8MHz\libarduino_core.a(HardwareSerial.o)
                                                  C:\Users\thiago\Dropbox\Circuits\sourceCodes\arduino_core\8_8MHz\libarduino_core.a(malloc.o)
                                                  ./main.o
__do_copy_data                                    c:/winavr-20100110/bin/../lib/gcc/avr/4.3.3/avr4\libgcc.a(_copy_data.o)
                                                  c:/winavr-20100110/bin/../lib/gcc/avr/4.3.3/avr4\libgcc.a(_clz.o)
                                                  c:/winavr-20100110/bin/../lib/gcc/avr/4.3.3/avr4\libgcc.a(_thenan_sf.o)
                                                  C:\Users\thiago\Dropbox\Circuits\sourceCodes\arduino_core\8_8MHz\libarduino_core.a(WString.o)
                                                  C:\Users\thiago\Dropbox\Circuits\sourceCodes\arduino_core\8_8MHz\libarduino_core.a(Print.o)
                                                  C:\Users\thiago\Dropbox\Circuits\sourceCodes\arduino_core\8_8MHz\libarduino_core.a(HardwareSerial.o)
                                                  C:\Users\thiago\Dropbox\Circuits\sourceCodes\arduino_core\8_8MHz\libarduino_core.a(malloc.o)
                                                  ./main.o
__do_global_ctors                                 c:/winavr-20100110/bin/../lib/gcc/avr/4.3.3/avr4\libgcc.a(_ctors.o)
                                                  C:\Users\thiago\Dropbox\Circuits\sourceCodes\arduino_core\8_8MHz\libarduino_core.a(HardwareSerial.o)
__epilogue_restores__                             c:/winavr-20100110/bin/../lib/gcc/avr/4.3.3/avr4\libgcc.a(_epilogue.o)
                                                  c:/winavr-20100110/bin/../lib/gcc/avr/4.3.3/avr4\libgcc.a(_usi_to_sf.o)
                                                  c:/winavr-20100110/bin/../lib/gcc/avr/4.3.3/avr4\libgcc.a(_sf_to_si.o)
                                                  c:/winavr-20100110/bin/../lib/gcc/avr/4.3.3/avr4\libgcc.a(_si_to_sf.o)
                                                  c:/winavr-20100110/bin/../lib/gcc/avr/4.3.3/avr4\libgcc.a(_unord_sf.o)
                                                  c:/winavr-20100110/bin/../lib/gcc/avr/4.3.3/avr4\libgcc.a(_le_sf.o)
                                                  c:/winavr-20100110/bin/../lib/gcc/avr/4.3.3/avr4\libgcc.a(_lt_sf.o)
                                                  c:/winavr-20100110/bin/../lib/gcc/avr/4.3.3/avr4\libgcc.a(_ge_sf.o)
                                                  c:/winavr-20100110/bin/../lib/gcc/avr/4.3.3/avr4\libgcc.a(_gt_sf.o)
                                                  c:/winavr-20100110/bin/../lib/gcc/avr/4.3.3/avr4\libgcc.a(_div_sf.o)
                                                  c:/winavr-20100110/bin/../lib/gcc/avr/4.3.3/avr4\libgcc.a(_mul_sf.o)
                                                  c:/winavr-20100110/bin/../lib/gcc/avr/4.3.3/avr4\libgcc.a(_addsub_sf.o)
__fixsfsi                                         c:/winavr-20100110/bin/../lib/gcc/avr/4.3.3/avr4\libgcc.a(_sf_to_si.o)
                                                  c:/winavr-20100110/bin/../lib/gcc/avr/4.3.3/avr4\libgcc.a(_fixunssfsi.o)
                                                  C:\Users\thiago\Dropbox\Circuits\sourceCodes\arduino_core\8_8MHz\libarduino_core.a(Print.o)
__fixunssfsi                                      c:/winavr-20100110/bin/../lib/gcc/avr/4.3.3/avr4\libgcc.a(_fixunssfsi.o)
                                                  C:\Users\thiago\Dropbox\Circuits\sourceCodes\arduino_core\8_8MHz\libarduino_core.a(Print.o)
__floatsisf                                       c:/winavr-20100110/bin/../lib/gcc/avr/4.3.3/avr4\libgcc.a(_si_to_sf.o)
                                                  C:\Users\thiago\Dropbox\Circuits\sourceCodes\arduino_core\8_8MHz\libarduino_core.a(Print.o)
                                                  ./main.o
__floatunsisf                                     c:/winavr-20100110/bin/../lib/gcc/avr/4.3.3/avr4\libgcc.a(_usi_to_sf.o)
                                                  C:\Users\thiago\Dropbox\Circuits\sourceCodes\arduino_core\8_8MHz\libarduino_core.a(Print.o)
__flp                                             C:\Users\thiago\Dropbox\Circuits\sourceCodes\arduino_core\8_8MHz\libarduino_core.a(realloc.o)
                                                  C:\Users\thiago\Dropbox\Circuits\sourceCodes\arduino_core\8_8MHz\libarduino_core.a(malloc.o)
__fp_mpack                                        c:/winavr-20100110/bin/../lib/gcc/avr/4.3.3/../../../../avr/lib/avr4\libm.a(fp_mpack.o)
                                                  c:/winavr-20100110/bin/../lib/gcc/avr/4.3.3/../../../../avr/lib/avr4\libm.a(sqrt.o)
__fp_mpack_finite                                 c:/winavr-20100110/bin/../lib/gcc/avr/4.3.3/../../../../avr/lib/avr4\libm.a(fp_mpack.o)
__fp_nan                                          c:/winavr-20100110/bin/../lib/gcc/avr/4.3.3/../../../../avr/lib/avr4\libm.a(fp_nan.o)
                                                  c:/winavr-20100110/bin/../lib/gcc/avr/4.3.3/../../../../avr/lib/avr4\libm.a(sqrt.o)
__fp_norm2                                        c:/winavr-20100110/bin/../lib/gcc/avr/4.3.3/../../../../avr/lib/avr4\libm.a(fp_norm2.o)
                                                  c:/winavr-20100110/bin/../lib/gcc/avr/4.3.3/../../../../avr/lib/avr4\libm.a(sqrt.o)
__fp_split3                                       c:/winavr-20100110/bin/../lib/gcc/avr/4.3.3/../../../../avr/lib/avr4\libm.a(fp_split3.o)
__fp_splitA                                       c:/winavr-20100110/bin/../lib/gcc/avr/4.3.3/../../../../avr/lib/avr4\libm.a(fp_split3.o)
                                                  c:/winavr-20100110/bin/../lib/gcc/avr/4.3.3/../../../../avr/lib/avr4\libm.a(sqrt.o)
__fpcmp_parts_f                                   c:/winavr-20100110/bin/../lib/gcc/avr/4.3.3/avr4\libgcc.a(_fpcmp_parts_sf.o)
                                                  c:/winavr-20100110/bin/../lib/gcc/avr/4.3.3/avr4\libgcc.a(_le_sf.o)
                                                  c:/winavr-20100110/bin/../lib/gcc/avr/4.3.3/avr4\libgcc.a(_lt_sf.o)
                                                  c:/winavr-20100110/bin/../lib/gcc/avr/4.3.3/avr4\libgcc.a(_ge_sf.o)
                                                  c:/winavr-20100110/bin/../lib/gcc/avr/4.3.3/avr4\libgcc.a(_gt_sf.o)
__gesf2                                           c:/winavr-20100110/bin/../lib/gcc/avr/4.3.3/avr4\libgcc.a(_ge_sf.o)
                                                  c:/winavr-20100110/bin/../lib/gcc/avr/4.3.3/avr4\libgcc.a(_fixunssfsi.o)
__gtsf2                                           c:/winavr-20100110/bin/../lib/gcc/avr/4.3.3/avr4\libgcc.a(_gt_sf.o)
                                                  C:\Users\thiago\Dropbox\Circuits\sourceCodes\arduino_core\8_8MHz\libarduino_core.a(Print.o)
__heap_end                                        c:/winavr-20100110/bin/../lib/gcc/avr/4.3.3/../../../../avr/lib/avr4/crtm8.o
                                                  C:\Users\thiago\Dropbox\Circuits\sourceCodes\arduino_core\8_8MHz\libarduino_core.a(malloc.o)
__heap_start                                      C:\Users\thiago\Dropbox\Circuits\sourceCodes\arduino_core\8_8MHz\libarduino_core.a(malloc.o)
__init                                            c:/winavr-20100110/bin/../lib/gcc/avr/4.3.3/../../../../avr/lib/avr4/crtm8.o
__lesf2                                           c:/winavr-20100110/bin/../lib/gcc/avr/4.3.3/avr4\libgcc.a(_le_sf.o)
                                                  C:\Users\thiago\Dropbox\Circuits\sourceCodes\arduino_core\8_8MHz\libarduino_core.a(Print.o)
__ltsf2                                           c:/winavr-20100110/bin/../lib/gcc/avr/4.3.3/avr4\libgcc.a(_lt_sf.o)
                                                  C:\Users\thiago\Dropbox\Circuits\sourceCodes\arduino_core\8_8MHz\libarduino_core.a(Print.o)
__malloc_heap_end                                 C:\Users\thiago\Dropbox\Circuits\sourceCodes\arduino_core\8_8MHz\libarduino_core.a(malloc.o)
                                                  C:\Users\thiago\Dropbox\Circuits\sourceCodes\arduino_core\8_8MHz\libarduino_core.a(realloc.o)
__malloc_heap_start                               C:\Users\thiago\Dropbox\Circuits\sourceCodes\arduino_core\8_8MHz\libarduino_core.a(malloc.o)
__malloc_margin                                   C:\Users\thiago\Dropbox\Circuits\sourceCodes\arduino_core\8_8MHz\libarduino_core.a(malloc.o)
                                                  C:\Users\thiago\Dropbox\Circuits\sourceCodes\arduino_core\8_8MHz\libarduino_core.a(realloc.o)
__mulhi_const_10                                  c:/winavr-20100110/bin/../lib/gcc/avr/4.3.3/../../../../avr/lib/avr4\libc.a(mul10.o)
                                                  c:/winavr-20100110/bin/../lib/gcc/avr/4.3.3/../../../../avr/lib/avr4\libc.a(atoi.o)
__mulsf3                                          c:/winavr-20100110/bin/../lib/gcc/avr/4.3.3/avr4\libgcc.a(_mul_sf.o)
                                                  C:\Users\thiago\Dropbox\Circuits\sourceCodes\arduino_core\8_8MHz\libarduino_core.a(Print.o)
                                                  ./main.o
__mulsi3                                          c:/winavr-20100110/bin/../lib/gcc/avr/4.3.3/avr4\libgcc.a(_mulsi3.o)
                                                  C:\Users\thiago\Dropbox\Circuits\sourceCodes\arduino_core\8_8MHz\libarduino_core.a(Print.o)
__mulsi_const_10                                  c:/winavr-20100110/bin/../lib/gcc/avr/4.3.3/../../../../avr/lib/avr4\libc.a(mulsi10.o)
                                                  c:/winavr-20100110/bin/../lib/gcc/avr/4.3.3/../../../../avr/lib/avr4\libc.a(atol.o)
__pack_f                                          c:/winavr-20100110/bin/../lib/gcc/avr/4.3.3/avr4\libgcc.a(_pack_sf.o)
                                                  c:/winavr-20100110/bin/../lib/gcc/avr/4.3.3/avr4\libgcc.a(_usi_to_sf.o)
                                                  c:/winavr-20100110/bin/../lib/gcc/avr/4.3.3/avr4\libgcc.a(_si_to_sf.o)
                                                  c:/winavr-20100110/bin/../lib/gcc/avr/4.3.3/avr4\libgcc.a(_div_sf.o)
                                                  c:/winavr-20100110/bin/../lib/gcc/avr/4.3.3/avr4\libgcc.a(_mul_sf.o)
                                                  c:/winavr-20100110/bin/../lib/gcc/avr/4.3.3/avr4\libgcc.a(_addsub_sf.o)
__prologue_saves__                                c:/winavr-20100110/bin/../lib/gcc/avr/4.3.3/avr4\libgcc.a(_prologue.o)
                                                  c:/winavr-20100110/bin/../lib/gcc/avr/4.3.3/avr4\libgcc.a(_usi_to_sf.o)
                                                  c:/winavr-20100110/bin/../lib/gcc/avr/4.3.3/avr4\libgcc.a(_sf_to_si.o)
                                                  c:/winavr-20100110/bin/../lib/gcc/avr/4.3.3/avr4\libgcc.a(_si_to_sf.o)
                                                  c:/winavr-20100110/bin/../lib/gcc/avr/4.3.3/avr4\libgcc.a(_unord_sf.o)
                                                  c:/winavr-20100110/bin/../lib/gcc/avr/4.3.3/avr4\libgcc.a(_le_sf.o)
                                                  c:/winavr-20100110/bin/../lib/gcc/avr/4.3.3/avr4\libgcc.a(_lt_sf.o)
                                                  c:/winavr-20100110/bin/../lib/gcc/avr/4.3.3/avr4\libgcc.a(_ge_sf.o)
                                                  c:/winavr-20100110/bin/../lib/gcc/avr/4.3.3/avr4\libgcc.a(_gt_sf.o)
                                                  c:/winavr-20100110/bin/../lib/gcc/avr/4.3.3/avr4\libgcc.a(_div_sf.o)
                                                  c:/winavr-20100110/bin/../lib/gcc/avr/4.3.3/avr4\libgcc.a(_mul_sf.o)
                                                  c:/winavr-20100110/bin/../lib/gcc/avr/4.3.3/avr4\libgcc.a(_addsub_sf.o)
__stack                                           c:/winavr-20100110/bin/../lib/gcc/avr/4.3.3/../../../../avr/lib/avr4/crtm8.o
__subsf3                                          c:/winavr-20100110/bin/../lib/gcc/avr/4.3.3/avr4\libgcc.a(_addsub_sf.o)
                                                  c:/winavr-20100110/bin/../lib/gcc/avr/4.3.3/avr4\libgcc.a(_fixunssfsi.o)
                                                  C:\Users\thiago\Dropbox\Circuits\sourceCodes\arduino_core\8_8MHz\libarduino_core.a(Print.o)
                                                  ./main.o
__tablejump2__                                    c:/winavr-20100110/bin/../lib/gcc/avr/4.3.3/avr4\libgcc.a(_tablejump.o)
__tablejump__                                     c:/winavr-20100110/bin/../lib/gcc/avr/4.3.3/avr4\libgcc.a(_tablejump.o)
                                                  c:/winavr-20100110/bin/../lib/gcc/avr/4.3.3/avr4\libgcc.a(_ctors.o)
__thenan_sf                                       c:/winavr-20100110/bin/../lib/gcc/avr/4.3.3/avr4\libgcc.a(_thenan_sf.o)
                                                  c:/winavr-20100110/bin/../lib/gcc/avr/4.3.3/avr4\libgcc.a(_div_sf.o)
                                                  c:/winavr-20100110/bin/../lib/gcc/avr/4.3.3/avr4\libgcc.a(_mul_sf.o)
                                                  c:/winavr-20100110/bin/../lib/gcc/avr/4.3.3/avr4\libgcc.a(_addsub_sf.o)
__udivmodhi4                                      c:/winavr-20100110/bin/../lib/gcc/avr/4.3.3/avr4\libgcc.a(_udivmodhi4.o)
                                                  c:/winavr-20100110/bin/../lib/gcc/avr/4.3.3/../../../../avr/lib/avr4\libc.a(utoa.o)
                                                  c:/winavr-20100110/bin/../lib/gcc/avr/4.3.3/../../../../avr/lib/avr4\libc.a(itoa.o)
__udivmodsi4                                      c:/winavr-20100110/bin/../lib/gcc/avr/4.3.3/avr4\libgcc.a(_udivmodsi4.o)
                                                  c:/winavr-20100110/bin/../lib/gcc/avr/4.3.3/../../../../avr/lib/avr4\libc.a(ultoa.o)
                                                  c:/winavr-20100110/bin/../lib/gcc/avr/4.3.3/../../../../avr/lib/avr4\libc.a(ltoa.o)
                                                  C:\Users\thiago\Dropbox\Circuits\sourceCodes\arduino_core\8_8MHz\libarduino_core.a(Print.o)
                                                  C:\Users\thiago\Dropbox\Circuits\sourceCodes\arduino_core\8_8MHz\libarduino_core.a(HardwareSerial.o)
__unordsf2                                        c:/winavr-20100110/bin/../lib/gcc/avr/4.3.3/avr4\libgcc.a(_unord_sf.o)
                                                  C:\Users\thiago\Dropbox\Circuits\sourceCodes\arduino_core\8_8MHz\libarduino_core.a(Print.o)
__unpack_f                                        c:/winavr-20100110/bin/../lib/gcc/avr/4.3.3/avr4\libgcc.a(_unpack_sf.o)
                                                  c:/winavr-20100110/bin/../lib/gcc/avr/4.3.3/avr4\libgcc.a(_sf_to_si.o)
                                                  c:/winavr-20100110/bin/../lib/gcc/avr/4.3.3/avr4\libgcc.a(_unord_sf.o)
                                                  c:/winavr-20100110/bin/../lib/gcc/avr/4.3.3/avr4\libgcc.a(_le_sf.o)
                                                  c:/winavr-20100110/bin/../lib/gcc/avr/4.3.3/avr4\libgcc.a(_lt_sf.o)
                                                  c:/winavr-20100110/bin/../lib/gcc/avr/4.3.3/avr4\libgcc.a(_ge_sf.o)
                                                  c:/winavr-20100110/bin/../lib/gcc/avr/4.3.3/avr4\libgcc.a(_gt_sf.o)
                                                  c:/winavr-20100110/bin/../lib/gcc/avr/4.3.3/avr4\libgcc.a(_div_sf.o)
                                                  c:/winavr-20100110/bin/../lib/gcc/avr/4.3.3/avr4\libgcc.a(_mul_sf.o)
                                                  c:/winavr-20100110/bin/../lib/gcc/avr/4.3.3/avr4\libgcc.a(_addsub_sf.o)
__vector_1                                        c:/winavr-20100110/bin/../lib/gcc/avr/4.3.3/../../../../avr/lib/avr4/crtm8.o
__vector_10                                       c:/winavr-20100110/bin/../lib/gcc/avr/4.3.3/../../../../avr/lib/avr4/crtm8.o
__vector_11                                       C:\Users\thiago\Dropbox\Circuits\sourceCodes\arduino_core\8_8MHz\libarduino_core.a(HardwareSerial.o)
                                                  c:/winavr-20100110/bin/../lib/gcc/avr/4.3.3/../../../../avr/lib/avr4/crtm8.o
__vector_12                                       C:\Users\thiago\Dropbox\Circuits\sourceCodes\arduino_core\8_8MHz\libarduino_core.a(HardwareSerial.o)
                                                  c:/winavr-20100110/bin/../lib/gcc/avr/4.3.3/../../../../avr/lib/avr4/crtm8.o
__vector_13                                       c:/winavr-20100110/bin/../lib/gcc/avr/4.3.3/../../../../avr/lib/avr4/crtm8.o
__vector_14                                       c:/winavr-20100110/bin/../lib/gcc/avr/4.3.3/../../../../avr/lib/avr4/crtm8.o
__vector_15                                       c:/winavr-20100110/bin/../lib/gcc/avr/4.3.3/../../../../avr/lib/avr4/crtm8.o
__vector_16                                       c:/winavr-20100110/bin/../lib/gcc/avr/4.3.3/../../../../avr/lib/avr4/crtm8.o
__vector_17                                       c:/winavr-20100110/bin/../lib/gcc/avr/4.3.3/../../../../avr/lib/avr4/crtm8.o
__vector_18                                       c:/winavr-20100110/bin/../lib/gcc/avr/4.3.3/../../../../avr/lib/avr4/crtm8.o
__vector_2                                        c:/winavr-20100110/bin/../lib/gcc/avr/4.3.3/../../../../avr/lib/avr4/crtm8.o
__vector_3                                        c:/winavr-20100110/bin/../lib/gcc/avr/4.3.3/../../../../avr/lib/avr4/crtm8.o
__vector_4                                        c:/winavr-20100110/bin/../lib/gcc/avr/4.3.3/../../../../avr/lib/avr4/crtm8.o
__vector_5                                        c:/winavr-20100110/bin/../lib/gcc/avr/4.3.3/../../../../avr/lib/avr4/crtm8.o
__vector_6                                        c:/winavr-20100110/bin/../lib/gcc/avr/4.3.3/../../../../avr/lib/avr4/crtm8.o
__vector_7                                        c:/winavr-20100110/bin/../lib/gcc/avr/4.3.3/../../../../avr/lib/avr4/crtm8.o
__vector_8                                        ./main.o
                                                  c:/winavr-20100110/bin/../lib/gcc/avr/4.3.3/../../../../avr/lib/avr4/crtm8.o
__vector_9                                        C:\Users\thiago\Dropbox\Circuits\sourceCodes\arduino_core\8_8MHz\libarduino_core.a(wiring.o)
                                                  c:/winavr-20100110/bin/../lib/gcc/avr/4.3.3/../../../../avr/lib/avr4/crtm8.o
__vector_default                                  c:/winavr-20100110/bin/../lib/gcc/avr/4.3.3/../../../../avr/lib/avr4/crtm8.o
__vectors                                         c:/winavr-20100110/bin/../lib/gcc/avr/4.3.3/../../../../avr/lib/avr4/crtm8.o
_exit                                             c:/winavr-20100110/bin/../lib/gcc/avr/4.3.3/avr4\libgcc.a(_exit.o)
atoi                                              c:/winavr-20100110/bin/../lib/gcc/avr/4.3.3/../../../../avr/lib/avr4\libc.a(atoi.o)
                                                  ./main.o
atol                                              c:/winavr-20100110/bin/../lib/gcc/avr/4.3.3/../../../../avr/lib/avr4\libc.a(atol.o)
                                                  C:\Users\thiago\Dropbox\Circuits\sourceCodes\arduino_core\8_8MHz\libarduino_core.a(WString.o)
aux                                               ./main.o
calcIrms()                                        ./main.o
comm_Serial()                                     ./main.o
delay                                             C:\Users\thiago\Dropbox\Circuits\sourceCodes\arduino_core\8_8MHz\libarduino_core.a(wiring.o)
delayMicroseconds                                 C:\Users\thiago\Dropbox\Circuits\sourceCodes\arduino_core\8_8MHz\libarduino_core.a(wiring.o)
enableDecode                                      ./main.o
enableTranslate                                   ./main.o
exit                                              c:/winavr-20100110/bin/../lib/gcc/avr/4.3.3/avr4\libgcc.a(_exit.o)
                                                  c:/winavr-20100110/bin/../lib/gcc/avr/4.3.3/../../../../avr/lib/avr4/crtm8.o
flag_LL                                           ./main.o
flag_MLL                                          ./main.o
flag_frameStart                                   ./main.o
flag_timeOver                                     ./main.o
flag_timeSync                                     ./main.o
free                                              C:\Users\thiago\Dropbox\Circuits\sourceCodes\arduino_core\8_8MHz\libarduino_core.a(malloc.o)
                                                  C:\Users\thiago\Dropbox\Circuits\sourceCodes\arduino_core\8_8MHz\libarduino_core.a(realloc.o)
                                                  C:\Users\thiago\Dropbox\Circuits\sourceCodes\arduino_core\8_8MHz\libarduino_core.a(new.o)
                                                  C:\Users\thiago\Dropbox\Circuits\sourceCodes\arduino_core\8_8MHz\libarduino_core.a(WString.o)
                                                  ./main.o
handleMessage()                                   ./main.o
inChar                                            ./main.o
init                                              C:\Users\thiago\Dropbox\Circuits\sourceCodes\arduino_core\8_8MHz\libarduino_core.a(wiring.o)
                                                  ./main.o
init_ADC()                                        ./main.o
init_all()                                        ./main.o
init_timer1()                                     ./main.o
isspace                                           c:/winavr-20100110/bin/../lib/gcc/avr/4.3.3/../../../../avr/lib/avr4\libc.a(isspace.o)
                                                  C:\Users\thiago\Dropbox\Circuits\sourceCodes\arduino_core\8_8MHz\libarduino_core.a(WString.o)
itoa                                              c:/winavr-20100110/bin/../lib/gcc/avr/4.3.3/../../../../avr/lib/avr4\libc.a(itoa.o)
                                                  C:\Users\thiago\Dropbox\Circuits\sourceCodes\arduino_core\8_8MHz\libarduino_core.a(WString.o)
j2                                                ./main.o
led_green_off()                                   ./main.o
led_green_on()                                    ./main.o
led_red_off()                                     ./main.o
led_red_on()                                      ./main.o
levelSensorLL                                     ./main.o
levelSensorMLL                                    ./main.o
ltoa                                              c:/winavr-20100110/bin/../lib/gcc/avr/4.3.3/../../../../avr/lib/avr4\libc.a(ltoa.o)
                                                  C:\Users\thiago\Dropbox\Circuits\sourceCodes\arduino_core\8_8MHz\libarduino_core.a(WString.o)
main                                              ./main.o
                                                  c:/winavr-20100110/bin/../lib/gcc/avr/4.3.3/../../../../avr/lib/avr4/crtm8.o
malloc                                            C:\Users\thiago\Dropbox\Circuits\sourceCodes\arduino_core\8_8MHz\libarduino_core.a(malloc.o)
                                                  C:\Users\thiago\Dropbox\Circuits\sourceCodes\arduino_core\8_8MHz\libarduino_core.a(realloc.o)
                                                  C:\Users\thiago\Dropbox\Circuits\sourceCodes\arduino_core\8_8MHz\libarduino_core.a(new.o)
                                                  ./main.o
memcpy                                            c:/winavr-20100110/bin/../lib/gcc/avr/4.3.3/../../../../avr/lib/avr4\libc.a(memcpy.o)
                                                  c:/winavr-20100110/bin/../lib/gcc/avr/4.3.3/../../../../avr/lib/avr4\libc.a(memmove.o)
                                                  C:\Users\thiago\Dropbox\Circuits\sourceCodes\arduino_core\8_8MHz\libarduino_core.a(realloc.o)
                                                  C:\Users\thiago\Dropbox\Circuits\sourceCodes\arduino_core\8_8MHz\libarduino_core.a(WString.o)
memmove                                           c:/winavr-20100110/bin/../lib/gcc/avr/4.3.3/../../../../avr/lib/avr4\libc.a(memmove.o)
                                                  C:\Users\thiago\Dropbox\Circuits\sourceCodes\arduino_core\8_8MHz\libarduino_core.a(WString.o)
micros                                            C:\Users\thiago\Dropbox\Circuits\sourceCodes\arduino_core\8_8MHz\libarduino_core.a(wiring.o)
millis                                            C:\Users\thiago\Dropbox\Circuits\sourceCodes\arduino_core\8_8MHz\libarduino_core.a(wiring.o)
motorControl_bySensors()                          ./main.o
motorPeriodDecision()                             ./main.o
motorStatus                                       ./main.o
motor_start()                                     ./main.o
motor_stop()                                      ./main.o
opcode                                            ./main.o
operator delete(void*)                            C:\Users\thiago\Dropbox\Circuits\sourceCodes\arduino_core\8_8MHz\libarduino_core.a(new.o)
operator delete[](void*)                          C:\Users\thiago\Dropbox\Circuits\sourceCodes\arduino_core\8_8MHz\libarduino_core.a(new.o)
operator new(unsigned int)                        C:\Users\thiago\Dropbox\Circuits\sourceCodes\arduino_core\8_8MHz\libarduino_core.a(new.o)
operator new[](unsigned int)                      C:\Users\thiago\Dropbox\Circuits\sourceCodes\arduino_core\8_8MHz\libarduino_core.a(new.o)
operator+(StringSumHelper const&, String const&)  C:\Users\thiago\Dropbox\Circuits\sourceCodes\arduino_core\8_8MHz\libarduino_core.a(WString.o)
operator+(StringSumHelper const&, char const*)    C:\Users\thiago\Dropbox\Circuits\sourceCodes\arduino_core\8_8MHz\libarduino_core.a(WString.o)
operator+(StringSumHelper const&, char)           C:\Users\thiago\Dropbox\Circuits\sourceCodes\arduino_core\8_8MHz\libarduino_core.a(WString.o)
operator+(StringSumHelper const&, int)            C:\Users\thiago\Dropbox\Circuits\sourceCodes\arduino_core\8_8MHz\libarduino_core.a(WString.o)
operator+(StringSumHelper const&, long)           C:\Users\thiago\Dropbox\Circuits\sourceCodes\arduino_core\8_8MHz\libarduino_core.a(WString.o)
operator+(StringSumHelper const&, unsigned char)  C:\Users\thiago\Dropbox\Circuits\sourceCodes\arduino_core\8_8MHz\libarduino_core.a(WString.o)
operator+(StringSumHelper const&, unsigned int)   C:\Users\thiago\Dropbox\Circuits\sourceCodes\arduino_core\8_8MHz\libarduino_core.a(WString.o)
operator+(StringSumHelper const&, unsigned long)  C:\Users\thiago\Dropbox\Circuits\sourceCodes\arduino_core\8_8MHz\libarduino_core.a(WString.o)
periodVerify2()                                   ./main.o
periodo                                           ./main.o
processExecution()                                ./main.o
processTimer()                                    ./main.o
rLength                                           ./main.o
realloc                                           C:\Users\thiago\Dropbox\Circuits\sourceCodes\arduino_core\8_8MHz\libarduino_core.a(realloc.o)
                                                  C:\Users\thiago\Dropbox\Circuits\sourceCodes\arduino_core\8_8MHz\libarduino_core.a(WString.o)
refreshVariables()                                ./main.o
rx_buffer                                         C:\Users\thiago\Dropbox\Circuits\sourceCodes\arduino_core\8_8MHz\libarduino_core.a(HardwareSerial.o)
sInstr                                            ./main.o
sInstrRx                                          ./main.o
sensorRead_Level()                                ./main.o
serialEvent()                                     C:\Users\thiago\Dropbox\Circuits\sourceCodes\arduino_core\8_8MHz\libarduino_core.a(HardwareSerial.o)
serialEventRun()                                  C:\Users\thiago\Dropbox\Circuits\sourceCodes\arduino_core\8_8MHz\libarduino_core.a(HardwareSerial.o)
sqrt                                              c:/winavr-20100110/bin/../lib/gcc/avr/4.3.3/../../../../avr/lib/avr4\libm.a(sqrt.o)
                                                  ./main.o
state                                             ./main.o
stateMode                                         ./main.o
stop_timer1()                                     ./main.o
strchr                                            c:/winavr-20100110/bin/../lib/gcc/avr/4.3.3/../../../../avr/lib/avr4\libc.a(strchr.o)
                                                  C:\Users\thiago\Dropbox\Circuits\sourceCodes\arduino_core\8_8MHz\libarduino_core.a(WString.o)
                                                  ./main.o
strcmp                                            c:/winavr-20100110/bin/../lib/gcc/avr/4.3.3/../../../../avr/lib/avr4\libc.a(strcmp.o)
                                                  C:\Users\thiago\Dropbox\Circuits\sourceCodes\arduino_core\8_8MHz\libarduino_core.a(WString.o)
strcpy                                            c:/winavr-20100110/bin/../lib/gcc/avr/4.3.3/../../../../avr/lib/avr4\libc.a(strcpy.o)
                                                  C:\Users\thiago\Dropbox\Circuits\sourceCodes\arduino_core\8_8MHz\libarduino_core.a(WString.o)
strncmp                                           c:/winavr-20100110/bin/../lib/gcc/avr/4.3.3/../../../../avr/lib/avr4\libc.a(strncmp.o)
                                                  C:\Users\thiago\Dropbox\Circuits\sourceCodes\arduino_core\8_8MHz\libarduino_core.a(WString.o)
strncpy                                           c:/winavr-20100110/bin/../lib/gcc/avr/4.3.3/../../../../avr/lib/avr4\libc.a(strncpy.o)
                                                  C:\Users\thiago\Dropbox\Circuits\sourceCodes\arduino_core\8_8MHz\libarduino_core.a(WString.o)
strrchr                                           c:/winavr-20100110/bin/../lib/gcc/avr/4.3.3/../../../../avr/lib/avr4\libc.a(strrchr.o)
                                                  C:\Users\thiago\Dropbox\Circuits\sourceCodes\arduino_core\8_8MHz\libarduino_core.a(WString.o)
strrev                                            c:/winavr-20100110/bin/../lib/gcc/avr/4.3.3/../../../../avr/lib/avr4\libc.a(strrev.o)
                                                  c:/winavr-20100110/bin/../lib/gcc/avr/4.3.3/../../../../avr/lib/avr4\libc.a(utoa.o)
                                                  c:/winavr-20100110/bin/../lib/gcc/avr/4.3.3/../../../../avr/lib/avr4\libc.a(ultoa.o)
                                                  c:/winavr-20100110/bin/../lib/gcc/avr/4.3.3/../../../../avr/lib/avr4\libc.a(ltoa.o)
                                                  c:/winavr-20100110/bin/../lib/gcc/avr/4.3.3/../../../../avr/lib/avr4\libc.a(itoa.o)
strstr                                            c:/winavr-20100110/bin/../lib/gcc/avr/4.3.3/../../../../avr/lib/avr4\libc.a(strstr.o)
                                                  C:\Users\thiago\Dropbox\Circuits\sourceCodes\arduino_core\8_8MHz\libarduino_core.a(WString.o)
timeCounter                                       ./main.o
timeCounterSync                                   ./main.o
timeMainCounter                                   ./main.o
timeSyncSendCommand()                             ./main.o
timer0_millis                                     C:\Users\thiago\Dropbox\Circuits\sourceCodes\arduino_core\8_8MHz\libarduino_core.a(wiring.o)
timer0_overflow_count                             C:\Users\thiago\Dropbox\Circuits\sourceCodes\arduino_core\8_8MHz\libarduino_core.a(wiring.o)
tolower                                           c:/winavr-20100110/bin/../lib/gcc/avr/4.3.3/../../../../avr/lib/avr4\libc.a(tolower.o)
                                                  C:\Users\thiago\Dropbox\Circuits\sourceCodes\arduino_core\8_8MHz\libarduino_core.a(WString.o)
toupper                                           c:/winavr-20100110/bin/../lib/gcc/avr/4.3.3/../../../../avr/lib/avr4\libc.a(toupper.o)
                                                  C:\Users\thiago\Dropbox\Circuits\sourceCodes\arduino_core\8_8MHz\libarduino_core.a(WString.o)
tx_buffer                                         C:\Users\thiago\Dropbox\Circuits\sourceCodes\arduino_core\8_8MHz\libarduino_core.a(HardwareSerial.o)